[EXPERIMENTAL RISK] experimental authority accepts the recorded camera/body candidate although formal acceptance gates did not pass
[EXPERIMENTAL RISK] experimental authority accepts the recorded three-axis dynamic candidates although the formal real-vehicle set remains unresolved
[EXPERIMENTAL RISK] experimental authority disables the detector-confidence threshold
[EXPERIMENTAL AUTO] trace=calibration_logs/experimental_auto_20260814_230123.jsonl
EXPERIMENTAL AUTO READY
vision=/data/Zhouyuheng_workspace/tracking_depth/depth-estimation-dev/output/statistical_r_no_nis_20260814_225314/pipeline_results.jsonl
[EXPERIMENTAL AUTO] Starting guarded camera/MPC tracking session; model=dual yaw=LOWER_LOCAL_HOLD; no joystick/manual mode exists
[NET] FineSUB transport connected
[EXPERIMENTAL AUTO] WAIT: telemetry stale, disarmed session not confirmed, waiting for confirmed fresh vision
[EXPERIMENTAL AUTO] WAIT: waiting for confirmed fresh vision
[EXPERIMENTAL AUTO] ARMING: WAIT ARMED-ZERO ACK
[EXPERIMENTAL AUTO] ACTIVE: WAIT NEW VISION
[EXPERIMENTAL AUTO] ACTIVE frame=13873 cmd=(+0.000,+0.000,+0.000) yaw=LOCAL_HOLD
[EXPERIMENTAL AUTO] ACTIVE frame=13876 cmd=(-0.032,-0.005,+0.003) yaw=LOCAL_HOLD
[EXPERIMENTAL AUTO] ACTIVE frame=13879 cmd=(-0.064,+0.029,-0.006) yaw=LOCAL_HOLD
[EXPERIMENTAL AUTO] ACTIVE frame=13882 cmd=(-0.097,+0.060,-0.005) yaw=LOCAL_HOLD
[EXPERIMENTAL AUTO] ACTIVE frame=13885 cmd=(-0.129,+0.084,+0.002) yaw=LOCAL_HOLD
[EXPERIMENTAL AUTO] ACTIVE frame=13888 cmd=(-0.158,+0.071,+0.015) yaw=LOCAL_HOLD
[EXPERIMENTAL AUTO] ACTIVE frame=13891 cmd=(-0.190,+0.042,+0.023) yaw=LOCAL_HOLD
[EXPERIMENTAL AUTO] ACTIVE frame=13897 cmd=(-0.200,+0.018,+0.025) yaw=LOCAL_HOLD
[EXPERIMENTAL AUTO] ACTIVE frame=13900 cmd=(-0.186,+0.003,+0.025) yaw=LOCAL_HOLD
[EXPERIMENTAL AUTO] ACTIVE frame=13903 cmd=(-0.167,-0.008,+0.022) yaw=LOCAL_HOLD
[EXPERIMENTAL AUTO] ACTIVE frame=13909 cmd=(-0.135,-0.021,+0.018) yaw=LOCAL_HOLD
[EXPERIMENTAL AUTO] ACTIVE frame=13912 cmd=(-0.103,-0.034,+0.015) yaw=LOCAL_HOLD
[EXPERIMENTAL AUTO] ACTIVE frame=13915 cmd=(-0.072,-0.044,+0.011) yaw=LOCAL_HOLD
[EXPERIMENTAL AUTO] ACTIVE frame=13918 cmd=(-0.040,-0.055,+0.005) yaw=LOCAL_HOLD
[EXPERIMENTAL AUTO] ACTIVE frame=13921 cmd=(-0.008,-0.067,+0.001) yaw=LOCAL_HOLD
[EXPERIMENTAL AUTO] ACTIVE frame=13924 cmd=(+0.025,-0.080,+0.000) yaw=LOCAL_HOLD
[EXPERIMENTAL AUTO] ACTIVE frame=13927 cmd=(+0.059,-0.064,+0.007) yaw=LOCAL_HOLD
[EXPERIMENTAL AUTO] ACTIVE frame=13930 cmd=(+0.091,-0.047,+0.013) yaw=LOCAL_HOLD
[EXPERIMENTAL AUTO] ACTIVE frame=13933 cmd=(+0.125,-0.049,+0.021) yaw=LOCAL_HOLD
[EXPERIMENTAL AUTO] ACTIVE frame=13936 cmd=(+0.159,-0.044,+0.026) yaw=LOCAL_HOLD
[EXPERIMENTAL AUTO] ACTIVE frame=13939 cmd=(+0.172,-0.027,+0.031) yaw=LOCAL_HOLD
[EXPERIMENTAL AUTO] ACTIVE frame=13942 cmd=(+0.178,-0.015,+0.034) yaw=LOCAL_HOLD
[EXPERIMENTAL AUTO] ACTIVE frame=13945 cmd=(+0.177,-0.011,+0.037) yaw=LOCAL_HOLD
[EXPERIMENTAL AUTO] ACTIVE frame=13948 cmd=(+0.170,-0.012,+0.039) yaw=LOCAL_HOLD
[EXPERIMENTAL AUTO] ACTIVE frame=13951 cmd=(+0.158,-0.012,+0.041) yaw=LOCAL_HOLD
[EXPERIMENTAL AUTO] ACTIVE frame=13954 cmd=(+0.141,-0.012,+0.044) yaw=LOCAL_HOLD
[EXPERIMENTAL AUTO] ACTIVE frame=13957 cmd=(+0.121,-0.009,+0.049) yaw=LOCAL_HOLD
[EXPERIMENTAL AUTO] ACTIVE frame=13960 cmd=(+0.102,-0.005,+0.058) yaw=LOCAL_HOLD
[EXPERIMENTAL AUTO] ACTIVE frame=13963 cmd=(+0.086,+0.001,+0.071) yaw=LOCAL_HOLD
[EXPERIMENTAL AUTO] ACTIVE frame=13966 cmd=(+0.058,+0.011,+0.089) yaw=LOCAL_HOLD
[EXPERIMENTAL AUTO] ACTIVE frame=13969 cmd=(+0.053,+0.016,+0.091) yaw=LOCAL_HOLD
[EXPERIMENTAL AUTO] ACTIVE frame=13972 cmd=(+0.019,+0.035,+0.112) yaw=LOCAL_HOLD
[EXPERIMENTAL AUTO] ACTIVE frame=13975 cmd=(-0.006,+0.047,+0.132) yaw=LOCAL_HOLD
[EXPERIMENTAL AUTO] ACTIVE frame=13978 cmd=(-0.035,+0.074,+0.148) yaw=LOCAL_HOLD
[EXPERIMENTAL AUTO] ACTIVE frame=13981 cmd=(-0.061,+0.100,+0.128) yaw=LOCAL_HOLD
[EXPERIMENTAL AUTO] ACTIVE frame=13984 cmd=(-0.080,+0.120,+0.099) yaw=LOCAL_HOLD
[EXPERIMENTAL AUTO] ACTIVE frame=13987 cmd=(-0.091,+0.089,+0.076) yaw=LOCAL_HOLD
[EXPERIMENTAL AUTO] ACTIVE frame=13990 cmd=(-0.102,+0.058,+0.056) yaw=LOCAL_HOLD
[EXPERIMENTAL AUTO] ACTIVE frame=13993 cmd=(-0.117,+0.026,+0.041) yaw=LOCAL_HOLD
[EXPERIMENTAL AUTO] ACTIVE frame=13996 cmd=(-0.129,+0.005,+0.029) yaw=LOCAL_HOLD
[EXPERIMENTAL AUTO] ACTIVE frame=13999 cmd=(-0.128,-0.004,+0.018) yaw=LOCAL_HOLD
[EXPERIMENTAL AUTO] ACTIVE frame=14005 cmd=(-0.113,-0.020,+0.011) yaw=LOCAL_HOLD
[EXPERIMENTAL AUTO] ACTIVE frame=14008 cmd=(-0.092,-0.030,+0.006) yaw=LOCAL_HOLD
[EXPERIMENTAL AUTO] ACTIVE frame=14011 cmd=(-0.070,-0.035,+0.003) yaw=LOCAL_HOLD
[EXPERIMENTAL AUTO] ACTIVE frame=14017 cmd=(-0.042,-0.038,-0.000) yaw=LOCAL_HOLD
[EXPERIMENTAL AUTO] ACTIVE frame=14020 cmd=(-0.014,-0.052,-0.001) yaw=LOCAL_HOLD
[EXPERIMENTAL AUTO] ACTIVE frame=14023 cmd=(+0.008,-0.049,-0.003) yaw=LOCAL_HOLD
[EXPERIMENTAL AUTO] ACTIVE frame=14029 cmd=(+0.033,-0.039,-0.003) yaw=LOCAL_HOLD
[EXPERIMENTAL AUTO] ACTIVE frame=14032 cmd=(+0.058,-0.021,-0.003) yaw=LOCAL_HOLD
[EXPERIMENTAL AUTO] ACTIVE frame=14035 cmd=(+0.074,-0.021,-0.002) yaw=LOCAL_HOLD
[EXPERIMENTAL AUTO] ACTIVE frame=14038 cmd=(+0.089,-0.002,-0.002) yaw=LOCAL_HOLD
[EXPERIMENTAL AUTO] ACTIVE frame=14041 cmd=(+0.114,+0.011,-0.001) yaw=LOCAL_HOLD
[EXPERIMENTAL AUTO] ACTIVE frame=14044 cmd=(+0.126,+0.014,-0.003) yaw=LOCAL_HOLD
[EXPERIMENTAL AUTO] ACTIVE frame=14047 cmd=(+0.124,+0.013,-0.008) yaw=LOCAL_HOLD
[EXPERIMENTAL AUTO] ACTIVE frame=14050 cmd=(+0.117,+0.010,-0.014) yaw=LOCAL_HOLD
[EXPERIMENTAL AUTO] ACTIVE frame=14053 cmd=(+0.107,+0.006,-0.012) yaw=LOCAL_HOLD
[EXPERIMENTAL AUTO] ACTIVE frame=14056 cmd=(+0.096,+0.002,-0.006) yaw=LOCAL_HOLD
[EXPERIMENTAL AUTO] ACTIVE frame=14059 cmd=(+0.085,-0.002,-0.000) yaw=LOCAL_HOLD
[EXPERIMENTAL AUTO] ACTIVE frame=14062 cmd=(+0.073,-0.006,+0.006) yaw=LOCAL_HOLD
[EXPERIMENTAL AUTO] ACTIVE frame=14065 cmd=(+0.060,-0.007,+0.012) yaw=LOCAL_HOLD
[EXPERIMENTAL AUTO] ACTIVE frame=14068 cmd=(+0.050,-0.008,+0.016) yaw=LOCAL_HOLD
[EXPERIMENTAL AUTO] ACTIVE frame=14071 cmd=(+0.041,-0.010,+0.020) yaw=LOCAL_HOLD
[EXPERIMENTAL AUTO] ACTIVE frame=14074 cmd=(+0.024,-0.009,+0.024) yaw=LOCAL_HOLD
[EXPERIMENTAL AUTO] ACTIVE frame=14077 cmd=(+0.005,-0.006,+0.027) yaw=LOCAL_HOLD
[EXPERIMENTAL AUTO] ACTIVE frame=14080 cmd=(-0.011,-0.007,+0.028) yaw=LOCAL_HOLD
[EXPERIMENTAL AUTO] ACTIVE frame=14083 cmd=(-0.021,-0.004,+0.029) yaw=LOCAL_HOLD
[EXPERIMENTAL AUTO] ACTIVE frame=14086 cmd=(-0.033,+0.008,+0.028) yaw=LOCAL_HOLD
[EXPERIMENTAL AUTO] ACTIVE frame=14089 cmd=(-0.043,+0.011,+0.028) yaw=LOCAL_HOLD
[EXPERIMENTAL AUTO] ACTIVE frame=14092 cmd=(-0.049,+0.015,+0.027) yaw=LOCAL_HOLD
[EXPERIMENTAL AUTO] ACTIVE frame=14095 cmd=(-0.051,+0.015,+0.025) yaw=LOCAL_HOLD
[EXPERIMENTAL AUTO] ACTIVE frame=14098 cmd=(-0.053,+0.014,+0.024) yaw=LOCAL_HOLD
[EXPERIMENTAL AUTO] ACTIVE frame=14101 cmd=(-0.053,+0.012,+0.023) yaw=LOCAL_HOLD
[EXPERIMENTAL AUTO] ACTIVE frame=14104 cmd=(-0.052,+0.011,+0.022) yaw=LOCAL_HOLD
[EXPERIMENTAL AUTO] ACTIVE frame=14107 cmd=(-0.050,+0.009,+0.021) yaw=LOCAL_HOLD
[EXPERIMENTAL AUTO] ACTIVE frame=14110 cmd=(-0.047,+0.009,+0.019) yaw=LOCAL_HOLD
[EXPERIMENTAL AUTO] ACTIVE frame=14113 cmd=(-0.045,+0.009,+0.015) yaw=LOCAL_HOLD
[EXPERIMENTAL AUTO] ACTIVE frame=14116 cmd=(-0.044,+0.008,+0.012) yaw=LOCAL_HOLD
[EXPERIMENTAL AUTO] ACTIVE frame=14119 cmd=(-0.045,+0.008,+0.009) yaw=LOCAL_HOLD
[EXPERIMENTAL AUTO] ACTIVE frame=14125 cmd=(-0.041,+0.009,+0.005) yaw=LOCAL_HOLD
[EXPERIMENTAL AUTO] ACTIVE frame=14128 cmd=(-0.033,+0.010,+0.003) yaw=LOCAL_HOLD
[EXPERIMENTAL AUTO] ACTIVE frame=14131 cmd=(-0.026,+0.013,-0.002) yaw=LOCAL_HOLD
[EXPERIMENTAL AUTO] ACTIVE frame=14134 cmd=(-0.013,+0.011,-0.010) yaw=LOCAL_HOLD
[EXPERIMENTAL AUTO] ACTIVE frame=14137 cmd=(-0.001,+0.010,-0.020) yaw=LOCAL_HOLD
[EXPERIMENTAL AUTO] ACTIVE frame=14140 cmd=(+0.010,+0.009,-0.031) yaw=LOCAL_HOLD
[EXPERIMENTAL AUTO] ACTIVE frame=14143 cmd=(+0.017,+0.003,-0.042) yaw=LOCAL_HOLD
[EXPERIMENTAL AUTO] ACTIVE frame=14146 cmd=(+0.024,+0.004,-0.053) yaw=LOCAL_HOLD
[EXPERIMENTAL AUTO] ACTIVE frame=14149 cmd=(+0.031,+0.009,-0.064) yaw=LOCAL_HOLD
[EXPERIMENTAL AUTO] ACTIVE frame=14152 cmd=(+0.035,+0.006,-0.063) yaw=LOCAL_HOLD
[EXPERIMENTAL AUTO] ACTIVE frame=14155 cmd=(+0.036,+0.000,-0.043) yaw=LOCAL_HOLD
[EXPERIMENTAL AUTO] ACTIVE frame=14158 cmd=(+0.033,-0.005,-0.021) yaw=LOCAL_HOLD
[EXPERIMENTAL AUTO] ACTIVE frame=14161 cmd=(+0.029,-0.009,-0.005) yaw=LOCAL_HOLD
[EXPERIMENTAL AUTO] ACTIVE frame=14164 cmd=(+0.024,-0.015,+0.007) yaw=LOCAL_HOLD
[EXPERIMENTAL AUTO] ACTIVE frame=14167 cmd=(+0.018,-0.018,+0.018) yaw=LOCAL_HOLD
[EXPERIMENTAL AUTO] ACTIVE frame=14170 cmd=(+0.013,-0.017,+0.024) yaw=LOCAL_HOLD
[EXPERIMENTAL AUTO] ACTIVE frame=14173 cmd=(+0.007,-0.018,+0.028) yaw=LOCAL_HOLD
[EXPERIMENTAL AUTO] ACTIVE frame=14176 cmd=(+0.006,-0.004,+0.030) yaw=LOCAL_HOLD
[EXPERIMENTAL AUTO] ACTIVE frame=14179 cmd=(+0.001,-0.002,+0.032) yaw=LOCAL_HOLD
[EXPERIMENTAL AUTO] ACTIVE frame=14182 cmd=(-0.003,-0.003,+0.031) yaw=LOCAL_HOLD
[EXPERIMENTAL AUTO] ACTIVE frame=14185 cmd=(-0.003,-0.003,+0.030) yaw=LOCAL_HOLD
[EXPERIMENTAL AUTO] ACTIVE frame=14188 cmd=(-0.004,-0.002,+0.029) yaw=LOCAL_HOLD
[EXPERIMENTAL AUTO] ACTIVE frame=14191 cmd=(-0.003,-0.000,+0.027) yaw=LOCAL_HOLD
[EXPERIMENTAL AUTO] ACTIVE frame=14194 cmd=(-0.005,+0.002,+0.025) yaw=LOCAL_HOLD
[EXPERIMENTAL AUTO] ACTIVE frame=14197 cmd=(-0.007,+0.005,+0.024) yaw=LOCAL_HOLD
[EXPERIMENTAL AUTO] ACTIVE frame=14200 cmd=(-0.009,+0.014,+0.021) yaw=LOCAL_HOLD
[EXPERIMENTAL AUTO] ACTIVE frame=14203 cmd=(-0.013,+0.016,+0.019) yaw=LOCAL_HOLD
[EXPERIMENTAL AUTO] ACTIVE frame=14206 cmd=(-0.014,+0.016,+0.018) yaw=LOCAL_HOLD
[EXPERIMENTAL AUTO] ACTIVE frame=14209 cmd=(-0.014,+0.014,+0.017) yaw=LOCAL_HOLD
[EXPERIMENTAL AUTO] ACTIVE frame=14212 cmd=(-0.013,+0.012,+0.015) yaw=LOCAL_HOLD
[EXPERIMENTAL AUTO] ACTIVE frame=14215 cmd=(-0.011,+0.011,+0.014) yaw=LOCAL_HOLD
[EXPERIMENTAL AUTO] ACTIVE frame=14218 cmd=(-0.010,+0.009,+0.013) yaw=LOCAL_HOLD
[EXPERIMENTAL AUTO] ACTIVE frame=14221 cmd=(-0.008,+0.010,+0.010) yaw=LOCAL_HOLD
[EXPERIMENTAL AUTO] ACTIVE frame=14224 cmd=(-0.008,+0.010,+0.007) yaw=LOCAL_HOLD
[EXPERIMENTAL AUTO] ACTIVE frame=14227 cmd=(-0.008,+0.008,+0.007) yaw=LOCAL_HOLD
[EXPERIMENTAL AUTO] ACTIVE frame=14230 cmd=(-0.003,+0.009,+0.004) yaw=LOCAL_HOLD
[EXPERIMENTAL AUTO] ACTIVE frame=14233 cmd=(+0.005,+0.009,-0.003) yaw=LOCAL_HOLD
[EXPERIMENTAL AUTO] ACTIVE frame=14236 cmd=(+0.012,+0.003,-0.009) yaw=LOCAL_HOLD
[EXPERIMENTAL AUTO] ACTIVE frame=14239 cmd=(+0.013,+0.004,-0.021) yaw=LOCAL_HOLD
[EXPERIMENTAL AUTO] ACTIVE frame=14245 cmd=(+0.022,+0.005,-0.031) yaw=LOCAL_HOLD
[EXPERIMENTAL AUTO] ACTIVE frame=14248 cmd=(+0.032,+0.001,-0.042) yaw=LOCAL_HOLD
[EXPERIMENTAL AUTO] ACTIVE frame=14251 cmd=(+0.041,-0.005,-0.052) yaw=LOCAL_HOLD
[EXPERIMENTAL AUTO] ACTIVE frame=14257 cmd=(+0.048,-0.011,-0.041) yaw=LOCAL_HOLD
[EXPERIMENTAL AUTO] ACTIVE frame=14260 cmd=(+0.059,-0.017,-0.022) yaw=LOCAL_HOLD
[EXPERIMENTAL AUTO] ACTIVE frame=14263 cmd=(+0.071,-0.019,-0.004) yaw=LOCAL_HOLD
[EXPERIMENTAL AUTO] ACTIVE frame=14266 cmd=(+0.068,-0.021,+0.009) yaw=LOCAL_HOLD
[EXPERIMENTAL AUTO] ACTIVE frame=14269 cmd=(+0.060,-0.022,+0.017) yaw=LOCAL_HOLD
[EXPERIMENTAL AUTO] ACTIVE frame=14272 cmd=(+0.050,-0.020,+0.023) yaw=LOCAL_HOLD
[EXPERIMENTAL AUTO] ACTIVE frame=14275 cmd=(+0.040,-0.024,+0.028) yaw=LOCAL_HOLD
[EXPERIMENTAL AUTO] ACTIVE frame=14278 cmd=(+0.026,-0.030,+0.031) yaw=LOCAL_HOLD
[EXPERIMENTAL AUTO] ACTIVE frame=14281 cmd=(+0.014,-0.036,+0.031) yaw=LOCAL_HOLD
[EXPERIMENTAL AUTO] ACTIVE frame=14284 cmd=(+0.000,-0.046,+0.031) yaw=LOCAL_HOLD
[EXPERIMENTAL AUTO] ACTIVE frame=14287 cmd=(-0.008,-0.031,+0.029) yaw=LOCAL_HOLD
[EXPERIMENTAL AUTO] ACTIVE frame=14290 cmd=(-0.014,-0.021,+0.028) yaw=LOCAL_HOLD
[EXPERIMENTAL AUTO] ACTIVE frame=14293 cmd=(-0.018,-0.015,+0.025) yaw=LOCAL_HOLD
[EXPERIMENTAL AUTO] ACTIVE frame=14296 cmd=(-0.018,-0.006,+0.022) yaw=LOCAL_HOLD
[EXPERIMENTAL AUTO] ACTIVE frame=14299 cmd=(-0.016,-0.000,+0.021) yaw=LOCAL_HOLD
[EXPERIMENTAL AUTO] ACTIVE frame=14302 cmd=(-0.017,-0.003,+0.018) yaw=LOCAL_HOLD
[EXPERIMENTAL AUTO] ACTIVE frame=14305 cmd=(-0.020,-0.000,+0.018) yaw=LOCAL_HOLD
[EXPERIMENTAL AUTO] ACTIVE frame=14308 cmd=(-0.024,+0.022,+0.018) yaw=LOCAL_HOLD
[EXPERIMENTAL AUTO] ACTIVE frame=14311 cmd=(-0.026,+0.005,+0.017) yaw=LOCAL_HOLD
[EXPERIMENTAL AUTO] ACTIVE frame=14314 cmd=(-0.026,+0.019,+0.017) yaw=LOCAL_HOLD
[EXPERIMENTAL AUTO] ACTIVE frame=14317 cmd=(-0.026,+0.048,+0.017) yaw=LOCAL_HOLD
[EXPERIMENTAL AUTO] ACTIVE frame=14320 cmd=(-0.023,+0.023,+0.017) yaw=LOCAL_HOLD
[EXPERIMENTAL AUTO] ACTIVE frame=14323 cmd=(-0.020,+0.021,+0.017) yaw=LOCAL_HOLD
[EXPERIMENTAL AUTO] ACTIVE frame=14326 cmd=(-0.019,+0.026,+0.014) yaw=LOCAL_HOLD
[EXPERIMENTAL AUTO] ACTIVE frame=14329 cmd=(-0.025,+0.031,+0.014) yaw=LOCAL_HOLD
[EXPERIMENTAL AUTO] ACTIVE frame=14332 cmd=(-0.032,+0.037,+0.014) yaw=LOCAL_HOLD
[EXPERIMENTAL AUTO] ACTIVE frame=14335 cmd=(-0.040,+0.045,+0.013) yaw=LOCAL_HOLD
[EXPERIMENTAL AUTO] ACTIVE frame=14338 cmd=(-0.047,+0.054,+0.010) yaw=LOCAL_HOLD
[EXPERIMENTAL AUTO] ACTIVE frame=14341 cmd=(-0.047,+0.056,+0.009) yaw=LOCAL_HOLD
[EXPERIMENTAL AUTO] ACTIVE frame=14344 cmd=(-0.042,+0.057,+0.007) yaw=LOCAL_HOLD
[EXPERIMENTAL AUTO] ACTIVE frame=14347 cmd=(-0.034,+0.063,+0.006) yaw=LOCAL_HOLD
[EXPERIMENTAL AUTO] ACTIVE frame=14350 cmd=(-0.025,+0.065,+0.003) yaw=LOCAL_HOLD
[EXPERIMENTAL AUTO] ACTIVE frame=14353 cmd=(-0.017,+0.070,-0.003) yaw=LOCAL_HOLD
[EXPERIMENTAL AUTO] ACTIVE frame=14356 cmd=(-0.010,+0.075,-0.010) yaw=LOCAL_HOLD
[EXPERIMENTAL AUTO] ACTIVE frame=14359 cmd=(-0.005,+0.053,-0.018) yaw=LOCAL_HOLD
[EXPERIMENTAL AUTO] ACTIVE frame=14365 cmd=(+0.003,+0.025,-0.028) yaw=LOCAL_HOLD
[EXPERIMENTAL AUTO] ACTIVE frame=14368 cmd=(+0.012,+0.006,-0.037) yaw=LOCAL_HOLD
[EXPERIMENTAL AUTO] ACTIVE frame=14371 cmd=(+0.017,-0.005,-0.043) yaw=LOCAL_HOLD
[EXPERIMENTAL AUTO] ACTIVE frame=14377 cmd=(+0.022,-0.035,-0.033) yaw=LOCAL_HOLD
[EXPERIMENTAL AUTO] ACTIVE frame=14380 cmd=(+0.033,-0.022,-0.014) yaw=LOCAL_HOLD
[EXPERIMENTAL AUTO] ACTIVE frame=14383 cmd=(+0.037,-0.030,+0.002) yaw=LOCAL_HOLD
[EXPERIMENTAL AUTO] ACTIVE frame=14389 cmd=(+0.044,-0.038,+0.017) yaw=LOCAL_HOLD
[EXPERIMENTAL AUTO] ACTIVE frame=14392 cmd=(+0.057,-0.055,+0.027) yaw=LOCAL_HOLD
[EXPERIMENTAL AUTO] ACTIVE frame=14395 cmd=(+0.072,-0.059,+0.034) yaw=LOCAL_HOLD
[EXPERIMENTAL AUTO] ACTIVE frame=14398 cmd=(+0.072,-0.038,+0.039) yaw=LOCAL_HOLD
[EXPERIMENTAL AUTO] ACTIVE frame=14401 cmd=(+0.060,-0.028,+0.040) yaw=LOCAL_HOLD
[EXPERIMENTAL AUTO] ACTIVE frame=14404 cmd=(+0.046,-0.021,+0.039) yaw=LOCAL_HOLD
[EXPERIMENTAL AUTO] ACTIVE frame=14407 cmd=(+0.032,-0.015,+0.037) yaw=LOCAL_HOLD
[EXPERIMENTAL AUTO] ACTIVE frame=14410 cmd=(+0.014,-0.009,+0.035) yaw=LOCAL_HOLD
[EXPERIMENTAL AUTO] ACTIVE frame=14413 cmd=(-0.005,-0.006,+0.033) yaw=LOCAL_HOLD
[EXPERIMENTAL AUTO] ACTIVE frame=14416 cmd=(-0.019,+0.000,+0.031) yaw=LOCAL_HOLD
[EXPERIMENTAL AUTO] ACTIVE frame=14419 cmd=(-0.028,-0.001,+0.029) yaw=LOCAL_HOLD
[EXPERIMENTAL AUTO] ACTIVE frame=14422 cmd=(-0.038,+0.001,+0.027) yaw=LOCAL_HOLD
[EXPERIMENTAL AUTO] ACTIVE frame=14425 cmd=(-0.047,+0.000,+0.023) yaw=LOCAL_HOLD
[EXPERIMENTAL AUTO] ACTIVE frame=14428 cmd=(-0.060,-0.003,+0.019) yaw=LOCAL_HOLD
[EXPERIMENTAL AUTO] ACTIVE frame=14431 cmd=(-0.070,-0.002,+0.017) yaw=LOCAL_HOLD
[EXPERIMENTAL AUTO] ACTIVE frame=14434 cmd=(-0.070,-0.004,+0.014) yaw=LOCAL_HOLD
[EXPERIMENTAL AUTO] ACTIVE frame=14437 cmd=(-0.066,-0.002,+0.013) yaw=LOCAL_HOLD
[EXPERIMENTAL AUTO] ACTIVE frame=14440 cmd=(-0.059,+0.001,+0.013) yaw=LOCAL_HOLD
[EXPERIMENTAL AUTO] ACTIVE frame=14443 cmd=(-0.051,+0.003,+0.014) yaw=LOCAL_HOLD
[EXPERIMENTAL AUTO] ACTIVE frame=14446 cmd=(-0.042,+0.004,+0.014) yaw=LOCAL_HOLD
[EXPERIMENTAL AUTO] ACTIVE frame=14449 cmd=(-0.032,+0.006,+0.014) yaw=LOCAL_HOLD
[EXPERIMENTAL AUTO] ACTIVE frame=14452 cmd=(-0.024,+0.007,+0.014) yaw=LOCAL_HOLD
[EXPERIMENTAL AUTO] ACTIVE frame=14455 cmd=(-0.017,+0.010,+0.014) yaw=LOCAL_HOLD
[EXPERIMENTAL AUTO] ACTIVE frame=14458 cmd=(-0.007,+0.013,+0.012) yaw=LOCAL_HOLD
[EXPERIMENTAL AUTO] ACTIVE frame=14461 cmd=(-0.003,+0.013,+0.009) yaw=LOCAL_HOLD
[EXPERIMENTAL AUTO] ACTIVE frame=14464 cmd=(-0.000,+0.010,+0.008) yaw=LOCAL_HOLD
[EXPERIMENTAL AUTO] ACTIVE frame=14467 cmd=(+0.003,+0.003,+0.005) yaw=LOCAL_HOLD
[EXPERIMENTAL AUTO] ACTIVE frame=14470 cmd=(+0.006,+0.006,+0.004) yaw=LOCAL_HOLD
[EXPERIMENTAL AUTO] ACTIVE frame=14473 cmd=(+0.009,+0.006,-0.001) yaw=LOCAL_HOLD
[EXPERIMENTAL AUTO] ACTIVE frame=14476 cmd=(+0.012,-0.001,-0.006) yaw=LOCAL_HOLD
[EXPERIMENTAL AUTO] ACTIVE frame=14479 cmd=(+0.013,+0.003,-0.013) yaw=LOCAL_HOLD
[EXPERIMENTAL AUTO] ACTIVE frame=14485 cmd=(+0.018,+0.008,-0.021) yaw=LOCAL_HOLD
[EXPERIMENTAL AUTO] ACTIVE frame=14488 cmd=(+0.020,+0.006,-0.022) yaw=LOCAL_HOLD
[EXPERIMENTAL AUTO] ACTIVE frame=14491 cmd=(+0.026,+0.003,-0.016) yaw=LOCAL_HOLD
[EXPERIMENTAL AUTO] ACTIVE frame=14497 cmd=(+0.025,+0.015,-0.006) yaw=LOCAL_HOLD
[EXPERIMENTAL AUTO] ACTIVE frame=14500 cmd=(+0.021,+0.008,+0.004) yaw=LOCAL_HOLD
[EXPERIMENTAL AUTO] ACTIVE frame=14503 cmd=(+0.015,+0.004,+0.009) yaw=LOCAL_HOLD
[EXPERIMENTAL AUTO] ACTIVE frame=14509 cmd=(+0.006,+0.001,+0.016) yaw=LOCAL_HOLD
[EXPERIMENTAL AUTO] ACTIVE frame=14512 cmd=(-0.006,-0.002,+0.021) yaw=LOCAL_HOLD
[EXPERIMENTAL AUTO] ACTIVE frame=14515 cmd=(-0.006,+0.000,+0.024) yaw=LOCAL_HOLD
[EXPERIMENTAL AUTO] ACTIVE frame=14518 cmd=(-0.012,+0.002,+0.025) yaw=LOCAL_HOLD
[EXPERIMENTAL AUTO] ACTIVE frame=14521 cmd=(-0.022,+0.003,+0.025) yaw=LOCAL_HOLD
[EXPERIMENTAL AUTO] ACTIVE frame=14524 cmd=(-0.032,+0.002,+0.023) yaw=LOCAL_HOLD
[EXPERIMENTAL AUTO] ACTIVE frame=14527 cmd=(-0.039,-0.001,+0.020) yaw=LOCAL_HOLD
[EXPERIMENTAL AUTO] ACTIVE frame=14530 cmd=(-0.049,-0.005,+0.018) yaw=LOCAL_HOLD
[EXPERIMENTAL AUTO] ACTIVE frame=14533 cmd=(-0.066,-0.011,+0.016) yaw=LOCAL_HOLD
[EXPERIMENTAL AUTO] ACTIVE frame=14536 cmd=(-0.087,-0.020,+0.015) yaw=LOCAL_HOLD
[EXPERIMENTAL AUTO] ACTIVE frame=14539 cmd=(-0.108,-0.023,+0.013) yaw=LOCAL_HOLD
[EXPERIMENTAL AUTO] ACTIVE frame=14542 cmd=(-0.131,-0.026,+0.011) yaw=LOCAL_HOLD
[EXPERIMENTAL AUTO] ACTIVE frame=14545 cmd=(-0.154,-0.026,+0.010) yaw=LOCAL_HOLD
[EXPERIMENTAL AUTO] ACTIVE frame=14548 cmd=(-0.176,-0.031,+0.010) yaw=LOCAL_HOLD
[EXPERIMENTAL AUTO] ACTIVE frame=14551 cmd=(-0.189,-0.028,+0.009) yaw=LOCAL_HOLD
[EXPERIMENTAL AUTO] ACTIVE frame=14554 cmd=(-0.173,-0.021,+0.007) yaw=LOCAL_HOLD
[EXPERIMENTAL AUTO] ACTIVE frame=14557 cmd=(-0.146,-0.013,+0.003) yaw=LOCAL_HOLD
[EXPERIMENTAL AUTO] ACTIVE frame=14560 cmd=(-0.118,-0.004,-0.003) yaw=LOCAL_HOLD
[EXPERIMENTAL AUTO] ACTIVE frame=14563 cmd=(-0.093,+0.006,-0.007) yaw=LOCAL_HOLD
[EXPERIMENTAL AUTO] ACTIVE frame=14566 cmd=(-0.064,+0.015,-0.011) yaw=LOCAL_HOLD
[EXPERIMENTAL AUTO] ACTIVE frame=14569 cmd=(-0.035,+0.021,-0.015) yaw=LOCAL_HOLD
[EXPERIMENTAL AUTO] ACTIVE frame=14572 cmd=(-0.011,+0.025,-0.020) yaw=LOCAL_HOLD
[EXPERIMENTAL AUTO] ACTIVE frame=14575 cmd=(+0.007,+0.028,-0.025) yaw=LOCAL_HOLD
[EXPERIMENTAL AUTO] ACTIVE frame=14578 cmd=(+0.036,+0.036,-0.030) yaw=LOCAL_HOLD
[EXPERIMENTAL AUTO] ACTIVE frame=14581 cmd=(+0.065,+0.051,-0.036) yaw=LOCAL_HOLD
[EXPERIMENTAL AUTO] ACTIVE frame=14584 cmd=(+0.088,+0.033,-0.040) yaw=LOCAL_HOLD
[EXPERIMENTAL AUTO] ACTIVE frame=14587 cmd=(+0.104,+0.027,-0.042) yaw=LOCAL_HOLD
[EXPERIMENTAL AUTO] ACTIVE frame=14593 cmd=(+0.129,+0.016,-0.044) yaw=LOCAL_HOLD
[EXPERIMENTAL AUTO] ACTIVE frame=14596 cmd=(+0.163,+0.005,-0.046) yaw=LOCAL_HOLD
[EXPERIMENTAL AUTO] ACTIVE frame=14599 cmd=(+0.190,-0.004,-0.052) yaw=LOCAL_HOLD
[EXPERIMENTAL AUTO] ACTIVE frame=14605 cmd=(+0.200,+0.011,-0.068) yaw=LOCAL_HOLD
[EXPERIMENTAL AUTO] ACTIVE frame=14608 cmd=(+0.200,+0.018,-0.086) yaw=LOCAL_HOLD
[EXPERIMENTAL AUTO] ACTIVE frame=14611 cmd=(+0.192,+0.016,-0.099) yaw=LOCAL_HOLD
[EXPERIMENTAL AUTO] ACTIVE frame=14617 cmd=(+0.161,+0.004,-0.071) yaw=LOCAL_HOLD
[EXPERIMENTAL AUTO] ACTIVE frame=14620 cmd=(+0.127,-0.010,-0.042) yaw=LOCAL_HOLD
[EXPERIMENTAL AUTO] ACTIVE frame=14623 cmd=(+0.094,-0.022,-0.012) yaw=LOCAL_HOLD
[EXPERIMENTAL AUTO] ACTIVE frame=14626 cmd=(+0.060,-0.029,+0.016) yaw=LOCAL_HOLD
[EXPERIMENTAL AUTO] ACTIVE frame=14629 cmd=(+0.060,-0.028,+0.018) yaw=LOCAL_HOLD
[EXPERIMENTAL AUTO] ACTIVE frame=14632 cmd=(+0.026,-0.031,+0.047) yaw=LOCAL_HOLD
[EXPERIMENTAL AUTO] ACTIVE frame=14635 cmd=(-0.005,-0.039,+0.066) yaw=LOCAL_HOLD
[EXPERIMENTAL AUTO] ACTIVE frame=14638 cmd=(-0.037,-0.060,+0.076) yaw=LOCAL_HOLD
[EXPERIMENTAL AUTO] ACTIVE frame=14641 cmd=(-0.068,-0.052,+0.079) yaw=LOCAL_HOLD
[EXPERIMENTAL AUTO] ACTIVE frame=14644 cmd=(-0.100,-0.024,+0.078) yaw=LOCAL_HOLD
[EXPERIMENTAL AUTO] ACTIVE frame=14647 cmd=(-0.132,-0.031,+0.076) yaw=LOCAL_HOLD
[EXPERIMENTAL AUTO] ACTIVE frame=14650 cmd=(-0.163,-0.033,+0.071) yaw=LOCAL_HOLD
[EXPERIMENTAL AUTO] ACTIVE frame=14653 cmd=(-0.195,-0.028,+0.064) yaw=LOCAL_HOLD
[EXPERIMENTAL AUTO] ACTIVE frame=14656 cmd=(-0.200,-0.003,+0.056) yaw=LOCAL_HOLD
[EXPERIMENTAL AUTO] ACTIVE frame=14659 cmd=(-0.200,+0.015,+0.048) yaw=LOCAL_HOLD
[EXPERIMENTAL AUTO] ACTIVE frame=14662 cmd=(-0.200,+0.020,+0.041) yaw=LOCAL_HOLD
[EXPERIMENTAL AUTO] ACTIVE frame=14665 cmd=(-0.200,+0.021,+0.034) yaw=LOCAL_HOLD
[EXPERIMENTAL AUTO] ACTIVE frame=14668 cmd=(-0.200,+0.016,+0.030) yaw=LOCAL_HOLD
[EXPERIMENTAL AUTO] ACTIVE frame=14671 cmd=(-0.200,+0.008,+0.027) yaw=LOCAL_HOLD
[EXPERIMENTAL AUTO] ACTIVE frame=14674 cmd=(-0.196,+0.004,+0.026) yaw=LOCAL_HOLD
[EXPERIMENTAL AUTO] ACTIVE frame=14677 cmd=(-0.183,+0.005,+0.025) yaw=LOCAL_HOLD
[EXPERIMENTAL AUTO] ACTIVE frame=14680 cmd=(-0.167,+0.006,+0.024) yaw=LOCAL_HOLD
[EXPERIMENTAL AUTO] ACTIVE frame=14683 cmd=(-0.152,+0.006,+0.023) yaw=LOCAL_HOLD
[EXPERIMENTAL AUTO] ACTIVE frame=14686 cmd=(-0.122,+0.005,+0.023) yaw=LOCAL_HOLD
[EXPERIMENTAL AUTO] ACTIVE frame=14689 cmd=(-0.091,+0.003,+0.023) yaw=LOCAL_HOLD
[EXPERIMENTAL AUTO] ACTIVE frame=14692 cmd=(-0.063,+0.001,+0.022) yaw=LOCAL_HOLD
[EXPERIMENTAL AUTO] ACTIVE frame=14695 cmd=(-0.044,+0.001,+0.022) yaw=LOCAL_HOLD
[EXPERIMENTAL AUTO] ACTIVE frame=14698 cmd=(-0.014,-0.002,+0.022) yaw=LOCAL_HOLD
[EXPERIMENTAL AUTO] ACTIVE frame=14701 cmd=(+0.016,-0.004,+0.022) yaw=LOCAL_HOLD
[EXPERIMENTAL AUTO] ACTIVE frame=14704 cmd=(+0.040,-0.005,+0.022) yaw=LOCAL_HOLD
[EXPERIMENTAL AUTO] ACTIVE frame=14707 cmd=(+0.054,-0.007,+0.020) yaw=LOCAL_HOLD
[EXPERIMENTAL AUTO] ACTIVE frame=14710 cmd=(+0.074,-0.008,+0.020) yaw=LOCAL_HOLD
[EXPERIMENTAL AUTO] ACTIVE frame=14713 cmd=(+0.099,-0.010,+0.019) yaw=LOCAL_HOLD
[EXPERIMENTAL AUTO] ACTIVE frame=14716 cmd=(+0.128,-0.009,+0.017) yaw=LOCAL_HOLD
[EXPERIMENTAL AUTO] ACTIVE frame=14719 cmd=(+0.136,-0.009,+0.016) yaw=LOCAL_HOLD
[EXPERIMENTAL AUTO] ACTIVE frame=14725 cmd=(+0.134,-0.009,+0.014) yaw=LOCAL_HOLD
[EXPERIMENTAL AUTO] ACTIVE frame=14728 cmd=(+0.126,-0.009,+0.010) yaw=LOCAL_HOLD
[EXPERIMENTAL AUTO] ACTIVE frame=14731 cmd=(+0.116,-0.009,+0.006) yaw=LOCAL_HOLD
[EXPERIMENTAL AUTO] ACTIVE frame=14737 cmd=(+0.090,-0.003,+0.005) yaw=LOCAL_HOLD
[EXPERIMENTAL AUTO] ACTIVE frame=14740 cmd=(+0.058,+0.004,+0.005) yaw=LOCAL_HOLD
[EXPERIMENTAL AUTO] ACTIVE frame=14743 cmd=(+0.027,+0.013,-0.002) yaw=LOCAL_HOLD
[EXPERIMENTAL AUTO] ACTIVE frame=14746 cmd=(-0.008,+0.020,-0.009) yaw=LOCAL_HOLD
[EXPERIMENTAL AUTO] ACTIVE frame=14749 cmd=(-0.040,+0.023,-0.006) yaw=LOCAL_HOLD
[EXPERIMENTAL AUTO] ACTIVE frame=14752 cmd=(-0.062,+0.035,+0.001) yaw=LOCAL_HOLD
[EXPERIMENTAL AUTO] ACTIVE frame=14755 cmd=(-0.078,+0.038,+0.007) yaw=LOCAL_HOLD
[EXPERIMENTAL AUTO] ACTIVE frame=14758 cmd=(-0.088,+0.051,+0.014) yaw=LOCAL_HOLD
[EXPERIMENTAL AUTO] ACTIVE frame=14761 cmd=(-0.092,+0.071,+0.019) yaw=LOCAL_HOLD
[EXPERIMENTAL AUTO] ACTIVE frame=14764 cmd=(-0.091,+0.090,+0.023) yaw=LOCAL_HOLD
[EXPERIMENTAL AUTO] ACTIVE frame=14767 cmd=(-0.086,+0.076,+0.029) yaw=LOCAL_HOLD
[EXPERIMENTAL AUTO] ACTIVE frame=14770 cmd=(-0.080,+0.044,+0.034) yaw=LOCAL_HOLD
[EXPERIMENTAL AUTO] ACTIVE frame=14773 cmd=(-0.072,+0.013,+0.036) yaw=LOCAL_HOLD
[EXPERIMENTAL AUTO] ACTIVE frame=14776 cmd=(-0.063,+0.013,+0.038) yaw=LOCAL_HOLD
[EXPERIMENTAL AUTO] ACTIVE frame=14779 cmd=(-0.056,+0.008,+0.038) yaw=LOCAL_HOLD
[EXPERIMENTAL AUTO] ACTIVE frame=14782 cmd=(-0.050,+0.003,+0.039) yaw=LOCAL_HOLD
[EXPERIMENTAL AUTO] ACTIVE frame=14785 cmd=(-0.051,-0.003,+0.038) yaw=LOCAL_HOLD
[EXPERIMENTAL AUTO] ACTIVE frame=14788 cmd=(-0.056,-0.007,+0.037) yaw=LOCAL_HOLD
[EXPERIMENTAL AUTO] ACTIVE frame=14791 cmd=(-0.064,-0.011,+0.035) yaw=LOCAL_HOLD
[EXPERIMENTAL AUTO] ACTIVE frame=14794 cmd=(-0.072,-0.012,+0.033) yaw=LOCAL_HOLD
[EXPERIMENTAL AUTO] ACTIVE frame=14797 cmd=(-0.080,-0.012,+0.031) yaw=LOCAL_HOLD
[EXPERIMENTAL AUTO] ACTIVE frame=14800 cmd=(-0.089,-0.010,+0.029) yaw=LOCAL_HOLD
[EXPERIMENTAL AUTO] ACTIVE frame=14803 cmd=(-0.098,-0.007,+0.027) yaw=LOCAL_HOLD
[EXPERIMENTAL AUTO] ACTIVE frame=14806 cmd=(-0.091,-0.004,+0.025) yaw=LOCAL_HOLD
[EXPERIMENTAL AUTO] ACTIVE frame=14809 cmd=(-0.072,-0.001,+0.022) yaw=LOCAL_HOLD
[EXPERIMENTAL AUTO] ACTIVE frame=14812 cmd=(-0.051,+0.001,+0.022) yaw=LOCAL_HOLD
[EXPERIMENTAL AUTO] ACTIVE frame=14815 cmd=(-0.033,+0.004,+0.022) yaw=LOCAL_HOLD
[EXPERIMENTAL AUTO] ACTIVE frame=14821 cmd=(-0.005,+0.006,+0.021) yaw=LOCAL_HOLD
[EXPERIMENTAL AUTO] ACTIVE frame=14824 cmd=(+0.027,+0.009,+0.020) yaw=LOCAL_HOLD
[EXPERIMENTAL AUTO] ACTIVE frame=14827 cmd=(+0.053,+0.014,+0.017) yaw=LOCAL_HOLD
[EXPERIMENTAL AUTO] ACTIVE frame=14833 cmd=(+0.079,+0.019,+0.015) yaw=LOCAL_HOLD
[EXPERIMENTAL AUTO] ACTIVE frame=14836 cmd=(+0.099,+0.020,+0.014) yaw=LOCAL_HOLD
[EXPERIMENTAL AUTO] ACTIVE frame=14839 cmd=(+0.120,+0.020,+0.010) yaw=LOCAL_HOLD
[EXPERIMENTAL AUTO] ACTIVE frame=14845 cmd=(+0.130,+0.022,+0.008) yaw=LOCAL_HOLD
[EXPERIMENTAL AUTO] ACTIVE frame=14848 cmd=(+0.127,+0.022,+0.005) yaw=LOCAL_HOLD
[EXPERIMENTAL AUTO] ACTIVE frame=14851 cmd=(+0.118,+0.020,+0.002) yaw=LOCAL_HOLD
[EXPERIMENTAL AUTO] ACTIVE frame=14854 cmd=(+0.105,+0.020,-0.004) yaw=LOCAL_HOLD
[EXPERIMENTAL AUTO] ACTIVE frame=14857 cmd=(+0.100,+0.019,-0.008) yaw=LOCAL_HOLD
[EXPERIMENTAL AUTO] ACTIVE frame=14860 cmd=(+0.084,+0.017,-0.016) yaw=LOCAL_HOLD
[EXPERIMENTAL AUTO] ACTIVE frame=14863 cmd=(+0.070,+0.015,-0.023) yaw=LOCAL_HOLD
[EXPERIMENTAL AUTO] ACTIVE frame=14866 cmd=(+0.045,+0.013,-0.017) yaw=LOCAL_HOLD
[EXPERIMENTAL AUTO] ACTIVE frame=14869 cmd=(+0.037,+0.012,-0.010) yaw=LOCAL_HOLD
[EXPERIMENTAL AUTO] ACTIVE frame=14872 cmd=(+0.008,+0.009,-0.001) yaw=LOCAL_HOLD
[EXPERIMENTAL AUTO] ACTIVE frame=14875 cmd=(-0.012,+0.006,+0.006) yaw=LOCAL_HOLD
[EXPERIMENTAL AUTO] ACTIVE frame=14881 cmd=(-0.030,-0.004,+0.011) yaw=LOCAL_HOLD
[EXPERIMENTAL AUTO] ACTIVE frame=14884 cmd=(-0.046,+0.001,+0.018) yaw=LOCAL_HOLD
[EXPERIMENTAL AUTO] ACTIVE frame=14887 cmd=(-0.057,+0.010,+0.024) yaw=LOCAL_HOLD
[EXPERIMENTAL AUTO] ACTIVE frame=14893 cmd=(-0.064,+0.002,+0.029) yaw=LOCAL_HOLD
[EXPERIMENTAL AUTO] ACTIVE frame=14896 cmd=(-0.069,-0.005,+0.031) yaw=LOCAL_HOLD
[EXPERIMENTAL AUTO] ACTIVE frame=14899 cmd=(-0.066,-0.007,+0.031) yaw=LOCAL_HOLD
[EXPERIMENTAL AUTO] ACTIVE frame=14902 cmd=(-0.067,-0.016,+0.030) yaw=LOCAL_HOLD
[EXPERIMENTAL AUTO] ACTIVE frame=14905 cmd=(-0.066,-0.016,+0.029) yaw=LOCAL_HOLD
[EXPERIMENTAL AUTO] ACTIVE frame=14908 cmd=(-0.066,-0.019,+0.028) yaw=LOCAL_HOLD
[EXPERIMENTAL AUTO] ACTIVE frame=14911 cmd=(-0.063,-0.020,+0.025) yaw=LOCAL_HOLD
[EXPERIMENTAL AUTO] ACTIVE frame=14914 cmd=(-0.067,-0.020,+0.021) yaw=LOCAL_HOLD
[EXPERIMENTAL AUTO] ACTIVE frame=14917 cmd=(-0.076,-0.014,+0.021) yaw=LOCAL_HOLD
[EXPERIMENTAL AUTO] ACTIVE frame=14920 cmd=(-0.091,-0.010,+0.016) yaw=LOCAL_HOLD
[EXPERIMENTAL AUTO] ACTIVE frame=14923 cmd=(-0.107,-0.008,+0.012) yaw=LOCAL_HOLD
[EXPERIMENTAL AUTO] ACTIVE frame=14926 cmd=(-0.122,-0.003,+0.010) yaw=LOCAL_HOLD
[EXPERIMENTAL AUTO] ACTIVE frame=14929 cmd=(-0.109,-0.002,+0.010) yaw=LOCAL_HOLD
[EXPERIMENTAL AUTO] ACTIVE frame=14932 cmd=(-0.098,+0.003,+0.007) yaw=LOCAL_HOLD
[EXPERIMENTAL AUTO] ACTIVE frame=14935 cmd=(-0.085,+0.004,+0.006) yaw=LOCAL_HOLD
[EXPERIMENTAL AUTO] ACTIVE frame=14938 cmd=(-0.067,+0.005,+0.003) yaw=LOCAL_HOLD
[EXPERIMENTAL AUTO] ACTIVE frame=14941 cmd=(-0.061,+0.005,+0.001) yaw=LOCAL_HOLD
[EXPERIMENTAL AUTO] ACTIVE frame=14944 cmd=(-0.041,+0.006,-0.005) yaw=LOCAL_HOLD
[EXPERIMENTAL AUTO] ACTIVE frame=14947 cmd=(-0.024,+0.008,-0.015) yaw=LOCAL_HOLD
[EXPERIMENTAL AUTO] ACTIVE frame=14950 cmd=(-0.007,+0.008,-0.023) yaw=LOCAL_HOLD
[EXPERIMENTAL AUTO] ACTIVE frame=14953 cmd=(-0.005,+0.008,-0.025) yaw=LOCAL_HOLD
[EXPERIMENTAL AUTO] ACTIVE frame=14956 cmd=(+0.010,+0.006,-0.028) yaw=LOCAL_HOLD
[EXPERIMENTAL AUTO] ACTIVE frame=14959 cmd=(+0.019,-0.000,-0.017) yaw=LOCAL_HOLD
[EXPERIMENTAL AUTO] ACTIVE frame=14962 cmd=(+0.031,+0.016,-0.006) yaw=LOCAL_HOLD
[EXPERIMENTAL AUTO] ACTIVE frame=14965 cmd=(+0.035,+0.004,-0.002) yaw=LOCAL_HOLD
[EXPERIMENTAL AUTO] ACTIVE frame=14968 cmd=(+0.046,+0.007,+0.009) yaw=LOCAL_HOLD
[EXPERIMENTAL AUTO] ACTIVE frame=14971 cmd=(+0.058,+0.003,+0.017) yaw=LOCAL_HOLD
[EXPERIMENTAL AUTO] ACTIVE frame=14974 cmd=(+0.065,+0.003,+0.022) yaw=LOCAL_HOLD
[EXPERIMENTAL AUTO] ACTIVE frame=14977 cmd=(+0.070,+0.002,+0.025) yaw=LOCAL_HOLD
[EXPERIMENTAL AUTO] ACTIVE frame=14980 cmd=(+0.085,+0.001,+0.027) yaw=LOCAL_HOLD
[EXPERIMENTAL AUTO] ACTIVE frame=14983 cmd=(+0.096,+0.002,+0.030) yaw=LOCAL_HOLD
[EXPERIMENTAL AUTO] ACTIVE frame=14986 cmd=(+0.089,-0.000,+0.031) yaw=LOCAL_HOLD
[EXPERIMENTAL AUTO] ACTIVE frame=14989 cmd=(+0.081,+0.000,+0.031) yaw=LOCAL_HOLD
[EXPERIMENTAL AUTO] ACTIVE frame=14992 cmd=(+0.065,-0.001,+0.030) yaw=LOCAL_HOLD
[EXPERIMENTAL AUTO] ACTIVE frame=14995 cmd=(+0.051,-0.001,+0.029) yaw=LOCAL_HOLD
[EXPERIMENTAL AUTO] ACTIVE frame=14998 cmd=(+0.034,-0.001,+0.028) yaw=LOCAL_HOLD
[EXPERIMENTAL AUTO] ACTIVE frame=15001 cmd=(+0.030,-0.002,+0.027) yaw=LOCAL_HOLD
[EXPERIMENTAL AUTO] ACTIVE frame=15004 cmd=(+0.013,-0.005,+0.024) yaw=LOCAL_HOLD
[EXPERIMENTAL AUTO] ACTIVE frame=15007 cmd=(-0.001,-0.007,+0.021) yaw=LOCAL_HOLD
[EXPERIMENTAL AUTO] ACTIVE frame=15013 cmd=(-0.016,-0.002,+0.019) yaw=LOCAL_HOLD
[EXPERIMENTAL AUTO] ACTIVE frame=15016 cmd=(-0.028,+0.004,+0.018) yaw=LOCAL_HOLD
[EXPERIMENTAL AUTO] ACTIVE frame=15019 cmd=(-0.037,+0.006,+0.016) yaw=LOCAL_HOLD
[EXPERIMENTAL AUTO] ACTIVE frame=15022 cmd=(-0.044,+0.008,+0.015) yaw=LOCAL_HOLD
[EXPERIMENTAL AUTO] ACTIVE frame=15025 cmd=(-0.047,+0.009,+0.016) yaw=LOCAL_HOLD
[EXPERIMENTAL AUTO] ACTIVE frame=15028 cmd=(-0.051,+0.007,+0.014) yaw=LOCAL_HOLD
[EXPERIMENTAL AUTO] ACTIVE frame=15031 cmd=(-0.051,+0.010,+0.013) yaw=LOCAL_HOLD
[EXPERIMENTAL AUTO] ACTIVE frame=15034 cmd=(-0.044,+0.011,+0.014) yaw=LOCAL_HOLD
[EXPERIMENTAL AUTO] ACTIVE frame=15037 cmd=(-0.039,+0.012,+0.012) yaw=LOCAL_HOLD
[EXPERIMENTAL AUTO] ACTIVE frame=15040 cmd=(-0.026,+0.012,+0.015) yaw=LOCAL_HOLD
[EXPERIMENTAL AUTO] ACTIVE frame=15043 cmd=(-0.015,+0.015,+0.016) yaw=LOCAL_HOLD
[EXPERIMENTAL AUTO] ACTIVE frame=15046 cmd=(-0.004,+0.010,+0.015) yaw=LOCAL_HOLD
[EXPERIMENTAL AUTO] ACTIVE frame=15049 cmd=(-0.002,+0.011,+0.016) yaw=LOCAL_HOLD
[EXPERIMENTAL AUTO] ACTIVE frame=15052 cmd=(+0.003,-0.003,+0.018) yaw=LOCAL_HOLD
[EXPERIMENTAL AUTO] ACTIVE frame=15055 cmd=(+0.010,-0.009,+0.020) yaw=LOCAL_HOLD
[EXPERIMENTAL AUTO] ACTIVE frame=15058 cmd=(+0.015,-0.001,+0.021) yaw=LOCAL_HOLD
[EXPERIMENTAL AUTO] ACTIVE frame=15061 cmd=(+0.014,-0.004,+0.020) yaw=LOCAL_HOLD
[EXPERIMENTAL AUTO] ACTIVE frame=15064 cmd=(+0.014,+0.003,+0.019) yaw=LOCAL_HOLD
[EXPERIMENTAL AUTO] ACTIVE frame=15067 cmd=(+0.013,-0.007,+0.018) yaw=LOCAL_HOLD
[EXPERIMENTAL AUTO] ACTIVE frame=15070 cmd=(+0.013,-0.015,+0.018) yaw=LOCAL_HOLD
[EXPERIMENTAL AUTO] ACTIVE frame=15073 cmd=(+0.011,-0.022,+0.017) yaw=LOCAL_HOLD
[EXPERIMENTAL AUTO] ACTIVE frame=15076 cmd=(+0.011,-0.005,+0.017) yaw=LOCAL_HOLD
[EXPERIMENTAL AUTO] ACTIVE frame=15079 cmd=(+0.011,+0.012,+0.018) yaw=LOCAL_HOLD
[EXPERIMENTAL AUTO] ACTIVE frame=15082 cmd=(+0.007,-0.020,+0.017) yaw=LOCAL_HOLD
[EXPERIMENTAL AUTO] ACTIVE frame=15085 cmd=(+0.009,+0.002,+0.020) yaw=LOCAL_HOLD
[EXPERIMENTAL AUTO] ACTIVE frame=15088 cmd=(+0.010,+0.018,+0.019) yaw=LOCAL_HOLD
[EXPERIMENTAL AUTO] ACTIVE frame=15091 cmd=(+0.006,-0.008,+0.019) yaw=LOCAL_HOLD
[EXPERIMENTAL AUTO] ACTIVE frame=15094 cmd=(+0.001,-0.013,+0.018) yaw=LOCAL_HOLD
[EXPERIMENTAL AUTO] ACTIVE frame=15097 cmd=(+0.000,-0.008,+0.018) yaw=LOCAL_HOLD
[EXPERIMENTAL AUTO] ACTIVE frame=15100 cmd=(-0.003,+0.002,+0.015) yaw=LOCAL_HOLD
[EXPERIMENTAL AUTO] ACTIVE frame=15103 cmd=(-0.003,+0.002,+0.013) yaw=LOCAL_HOLD
[EXPERIMENTAL AUTO] ACTIVE frame=15106 cmd=(-0.006,+0.001,+0.013) yaw=LOCAL_HOLD
[EXPERIMENTAL AUTO] ACTIVE frame=15109 cmd=(-0.007,+0.003,+0.012) yaw=LOCAL_HOLD
[EXPERIMENTAL AUTO] ACTIVE frame=15112 cmd=(-0.009,+0.005,+0.012) yaw=LOCAL_HOLD
[EXPERIMENTAL AUTO] ACTIVE frame=15115 cmd=(-0.012,+0.004,+0.012) yaw=LOCAL_HOLD
[EXPERIMENTAL AUTO] ACTIVE frame=15118 cmd=(-0.014,+0.009,+0.011) yaw=LOCAL_HOLD
[EXPERIMENTAL AUTO] ACTIVE frame=15121 cmd=(-0.012,+0.006,+0.011) yaw=LOCAL_HOLD
[EXPERIMENTAL AUTO] ACTIVE frame=15124 cmd=(-0.013,+0.007,+0.012) yaw=LOCAL_HOLD
[EXPERIMENTAL AUTO] ACTIVE frame=15127 cmd=(-0.013,+0.010,+0.010) yaw=LOCAL_HOLD
[EXPERIMENTAL AUTO] ACTIVE frame=15133 cmd=(-0.014,+0.008,+0.011) yaw=LOCAL_HOLD
[EXPERIMENTAL AUTO] ACTIVE frame=15136 cmd=(-0.014,+0.008,+0.011) yaw=LOCAL_HOLD
[EXPERIMENTAL AUTO] ACTIVE frame=15139 cmd=(-0.013,+0.006,+0.012) yaw=LOCAL_HOLD
[EXPERIMENTAL AUTO] ACTIVE frame=15145 cmd=(-0.012,+0.010,+0.012) yaw=LOCAL_HOLD
[EXPERIMENTAL AUTO] ACTIVE frame=15148 cmd=(-0.014,+0.006,+0.012) yaw=LOCAL_HOLD
[EXPERIMENTAL AUTO] ACTIVE frame=15151 cmd=(-0.012,+0.007,+0.011) yaw=LOCAL_HOLD
[EXPERIMENTAL AUTO] ACTIVE frame=15157 cmd=(-0.011,+0.002,+0.011) yaw=LOCAL_HOLD
[EXPERIMENTAL AUTO] ACTIVE frame=15160 cmd=(-0.007,-0.004,+0.010) yaw=LOCAL_HOLD
[EXPERIMENTAL AUTO] ACTIVE frame=15163 cmd=(-0.004,+0.004,+0.009) yaw=LOCAL_HOLD
[EXPERIMENTAL AUTO] ACTIVE frame=15166 cmd=(+0.003,-0.001,+0.007) yaw=LOCAL_HOLD
[EXPERIMENTAL AUTO] ACTIVE frame=15169 cmd=(+0.006,+0.000,+0.006) yaw=LOCAL_HOLD
[EXPERIMENTAL AUTO] ACTIVE frame=15172 cmd=(+0.007,+0.002,-0.000) yaw=LOCAL_HOLD
[EXPERIMENTAL AUTO] ACTIVE frame=15175 cmd=(+0.007,+0.005,-0.007) yaw=LOCAL_HOLD
[EXPERIMENTAL AUTO] ACTIVE frame=15178 cmd=(+0.015,+0.009,-0.012) yaw=LOCAL_HOLD
[EXPERIMENTAL AUTO] ACTIVE frame=15184 cmd=(+0.016,+0.014,-0.015) yaw=LOCAL_HOLD
[EXPERIMENTAL AUTO] ACTIVE frame=15187 cmd=(+0.023,-0.003,-0.025) yaw=LOCAL_HOLD
[EXPERIMENTAL AUTO] ACTIVE frame=15193 cmd=(+0.028,-0.001,-0.029) yaw=LOCAL_HOLD
[EXPERIMENTAL AUTO] ACTIVE frame=15196 cmd=(+0.032,+0.005,-0.018) yaw=LOCAL_HOLD
[EXPERIMENTAL AUTO] ACTIVE frame=15199 cmd=(+0.034,+0.004,-0.006) yaw=LOCAL_HOLD
[EXPERIMENTAL AUTO] ACTIVE frame=15202 cmd=(+0.031,-0.004,+0.004) yaw=LOCAL_HOLD
[EXPERIMENTAL AUTO] ACTIVE frame=15205 cmd=(+0.029,-0.008,+0.007) yaw=LOCAL_HOLD
[EXPERIMENTAL AUTO] ACTIVE frame=15208 cmd=(+0.023,-0.013,+0.014) yaw=LOCAL_HOLD
[EXPERIMENTAL AUTO] ACTIVE frame=15211 cmd=(+0.017,-0.016,+0.019) yaw=LOCAL_HOLD
[EXPERIMENTAL AUTO] ACTIVE frame=15214 cmd=(+0.008,-0.011,+0.021) yaw=LOCAL_HOLD
[EXPERIMENTAL AUTO] ACTIVE frame=15217 cmd=(+0.005,-0.011,+0.021) yaw=LOCAL_HOLD
[EXPERIMENTAL AUTO] ACTIVE frame=15220 cmd=(-0.005,-0.009,+0.022) yaw=LOCAL_HOLD
[EXPERIMENTAL AUTO] ACTIVE frame=15223 cmd=(-0.013,-0.000,+0.023) yaw=LOCAL_HOLD
[EXPERIMENTAL AUTO] ACTIVE frame=15226 cmd=(-0.020,+0.001,+0.024) yaw=LOCAL_HOLD
[EXPERIMENTAL AUTO] ACTIVE frame=15229 cmd=(-0.019,-0.003,+0.023) yaw=LOCAL_HOLD
[EXPERIMENTAL AUTO] ACTIVE frame=15232 cmd=(-0.023,+0.014,+0.021) yaw=LOCAL_HOLD
[EXPERIMENTAL AUTO] ACTIVE frame=15235 cmd=(-0.029,-0.005,+0.018) yaw=LOCAL_HOLD
[EXPERIMENTAL AUTO] ACTIVE frame=15238 cmd=(-0.036,+0.002,+0.016) yaw=LOCAL_HOLD
[EXPERIMENTAL AUTO] ACTIVE frame=15241 cmd=(-0.042,-0.010,+0.016) yaw=LOCAL_HOLD
[EXPERIMENTAL AUTO] ACTIVE frame=15244 cmd=(-0.055,+0.013,+0.015) yaw=LOCAL_HOLD
[EXPERIMENTAL AUTO] ACTIVE frame=15247 cmd=(-0.069,+0.020,+0.013) yaw=LOCAL_HOLD
[EXPERIMENTAL AUTO] ACTIVE frame=15250 cmd=(-0.072,+0.020,+0.012) yaw=LOCAL_HOLD
[EXPERIMENTAL AUTO] ACTIVE frame=15253 cmd=(-0.065,+0.020,+0.012) yaw=LOCAL_HOLD
[EXPERIMENTAL AUTO] ACTIVE frame=15256 cmd=(-0.058,+0.018,+0.009) yaw=LOCAL_HOLD
[EXPERIMENTAL AUTO] ACTIVE frame=15259 cmd=(-0.050,+0.018,+0.004) yaw=LOCAL_HOLD
[EXPERIMENTAL AUTO] ACTIVE frame=15262 cmd=(-0.040,+0.015,+0.004) yaw=LOCAL_HOLD
[EXPERIMENTAL AUTO] ACTIVE frame=15265 cmd=(-0.037,+0.013,+0.002) yaw=LOCAL_HOLD
[EXPERIMENTAL AUTO] ACTIVE frame=15268 cmd=(-0.025,+0.012,-0.004) yaw=LOCAL_HOLD
[EXPERIMENTAL AUTO] ACTIVE frame=15271 cmd=(-0.016,+0.012,-0.007) yaw=LOCAL_HOLD
[EXPERIMENTAL AUTO] ACTIVE frame=15274 cmd=(-0.005,+0.015,-0.010) yaw=LOCAL_HOLD
[EXPERIMENTAL AUTO] ACTIVE frame=15277 cmd=(-0.003,+0.016,-0.010) yaw=LOCAL_HOLD
[EXPERIMENTAL AUTO] ACTIVE frame=15280 cmd=(+0.004,+0.020,-0.017) yaw=LOCAL_HOLD
[EXPERIMENTAL AUTO] ACTIVE frame=15283 cmd=(+0.010,+0.005,-0.021) yaw=LOCAL_HOLD
[EXPERIMENTAL AUTO] ACTIVE frame=15286 cmd=(+0.016,+0.013,-0.012) yaw=LOCAL_HOLD
[EXPERIMENTAL AUTO] ACTIVE frame=15289 cmd=(+0.017,+0.014,-0.006) yaw=LOCAL_HOLD
[EXPERIMENTAL AUTO] ACTIVE frame=15292 cmd=(+0.017,+0.011,-0.001) yaw=LOCAL_HOLD
[EXPERIMENTAL AUTO] ACTIVE frame=15295 cmd=(+0.021,+0.011,+0.011) yaw=LOCAL_HOLD
[EXPERIMENTAL AUTO] ACTIVE frame=15298 cmd=(+0.032,+0.010,+0.019) yaw=LOCAL_HOLD
[EXPERIMENTAL AUTO] ACTIVE frame=15301 cmd=(+0.045,+0.011,+0.023) yaw=LOCAL_HOLD
[EXPERIMENTAL AUTO] ACTIVE frame=15304 cmd=(+0.055,+0.000,+0.025) yaw=LOCAL_HOLD
[EXPERIMENTAL AUTO] ACTIVE frame=15307 cmd=(+0.069,-0.006,+0.027) yaw=LOCAL_HOLD
[EXPERIMENTAL AUTO] ACTIVE frame=15310 cmd=(+0.089,-0.006,+0.027) yaw=LOCAL_HOLD
[EXPERIMENTAL AUTO] ACTIVE frame=15313 cmd=(+0.110,-0.007,+0.025) yaw=LOCAL_HOLD
[EXPERIMENTAL AUTO] ACTIVE frame=15316 cmd=(+0.131,-0.003,+0.025) yaw=LOCAL_HOLD
[EXPERIMENTAL AUTO] ACTIVE frame=15319 cmd=(+0.141,-0.004,+0.023) yaw=LOCAL_HOLD
[EXPERIMENTAL AUTO] ACTIVE frame=15322 cmd=(+0.147,-0.003,+0.023) yaw=LOCAL_HOLD
[EXPERIMENTAL AUTO] ACTIVE frame=15325 cmd=(+0.163,-0.006,+0.021) yaw=LOCAL_HOLD
[EXPERIMENTAL AUTO] ACTIVE frame=15328 cmd=(+0.185,-0.009,+0.020) yaw=LOCAL_HOLD
[EXPERIMENTAL AUTO] ACTIVE frame=15331 cmd=(+0.198,-0.012,+0.017) yaw=LOCAL_HOLD
[EXPERIMENTAL AUTO] ACTIVE frame=15334 cmd=(+0.200,-0.014,+0.017) yaw=LOCAL_HOLD
[EXPERIMENTAL AUTO] ACTIVE frame=15337 cmd=(+0.176,-0.015,+0.017) yaw=LOCAL_HOLD
[EXPERIMENTAL AUTO] ACTIVE frame=15340 cmd=(+0.147,-0.018,+0.017) yaw=LOCAL_HOLD
[EXPERIMENTAL AUTO] ACTIVE frame=15343 cmd=(+0.120,-0.020,+0.016) yaw=LOCAL_HOLD
[EXPERIMENTAL AUTO] ACTIVE frame=15346 cmd=(+0.086,-0.018,+0.014) yaw=LOCAL_HOLD
[EXPERIMENTAL AUTO] ACTIVE frame=15349 cmd=(+0.086,-0.019,+0.010) yaw=LOCAL_HOLD
[EXPERIMENTAL AUTO] ACTIVE frame=15352 cmd=(+0.053,-0.019,+0.007) yaw=LOCAL_HOLD
[EXPERIMENTAL AUTO] ACTIVE frame=15355 cmd=(+0.019,-0.024,+0.002) yaw=LOCAL_HOLD
[EXPERIMENTAL AUTO] ACTIVE frame=15358 cmd=(-0.012,-0.024,-0.003) yaw=LOCAL_HOLD
[EXPERIMENTAL AUTO] ACTIVE frame=15364 cmd=(-0.012,-0.029,-0.004) yaw=LOCAL_HOLD
[EXPERIMENTAL AUTO] ACTIVE frame=15367 cmd=(-0.045,-0.027,-0.013) yaw=LOCAL_HOLD
[EXPERIMENTAL AUTO] ACTIVE frame=15373 cmd=(-0.075,-0.040,-0.013) yaw=LOCAL_HOLD
[EXPERIMENTAL AUTO] ACTIVE frame=15376 cmd=(-0.107,-0.052,-0.008) yaw=LOCAL_HOLD
[EXPERIMENTAL AUTO] ACTIVE frame=15379 cmd=(-0.127,-0.048,+0.001) yaw=LOCAL_HOLD
[EXPERIMENTAL AUTO] ACTIVE frame=15382 cmd=(-0.132,-0.036,+0.009) yaw=LOCAL_HOLD
[EXPERIMENTAL AUTO] ACTIVE frame=15388 cmd=(-0.124,-0.032,+0.014) yaw=LOCAL_HOLD
[EXPERIMENTAL AUTO] ACTIVE frame=15391 cmd=(-0.116,-0.021,+0.025) yaw=LOCAL_HOLD
[EXPERIMENTAL AUTO] ACTIVE frame=15394 cmd=(-0.096,-0.014,+0.034) yaw=LOCAL_HOLD
[EXPERIMENTAL AUTO] ACTIVE frame=15397 cmd=(-0.074,-0.012,+0.040) yaw=LOCAL_HOLD
[EXPERIMENTAL AUTO] ACTIVE frame=15400 cmd=(-0.052,-0.011,+0.043) yaw=LOCAL_HOLD
[EXPERIMENTAL AUTO] ACTIVE frame=15403 cmd=(-0.034,-0.012,+0.045) yaw=LOCAL_HOLD
[EXPERIMENTAL AUTO] ACTIVE frame=15409 cmd=(-0.006,-0.016,+0.045) yaw=LOCAL_HOLD
[EXPERIMENTAL AUTO] ACTIVE frame=15412 cmd=(+0.022,-0.007,+0.044) yaw=LOCAL_HOLD
[EXPERIMENTAL AUTO] ACTIVE frame=15415 cmd=(+0.047,-0.005,+0.043) yaw=LOCAL_HOLD
[EXPERIMENTAL AUTO] ACTIVE frame=15421 cmd=(+0.077,-0.010,+0.041) yaw=LOCAL_HOLD
[EXPERIMENTAL AUTO] ACTIVE frame=15424 cmd=(+0.109,-0.012,+0.036) yaw=LOCAL_HOLD
[EXPERIMENTAL AUTO] ACTIVE frame=15427 cmd=(+0.143,-0.011,+0.032) yaw=LOCAL_HOLD
[EXPERIMENTAL AUTO] ACTIVE frame=15430 cmd=(+0.143,-0.009,+0.030) yaw=LOCAL_HOLD
[EXPERIMENTAL AUTO] ACTIVE frame=15433 cmd=(+0.163,-0.009,+0.025) yaw=LOCAL_HOLD
[EXPERIMENTAL AUTO] ACTIVE frame=15436 cmd=(+0.165,-0.008,+0.021) yaw=LOCAL_HOLD
[EXPERIMENTAL AUTO] ACTIVE frame=15439 cmd=(+0.156,-0.009,+0.016) yaw=LOCAL_HOLD
[EXPERIMENTAL AUTO] ACTIVE frame=15445 cmd=(+0.141,-0.007,+0.010) yaw=LOCAL_HOLD
[EXPERIMENTAL AUTO] ACTIVE frame=15448 cmd=(+0.123,-0.006,+0.004) yaw=LOCAL_HOLD
[EXPERIMENTAL AUTO] ACTIVE frame=15451 cmd=(+0.105,-0.006,-0.002) yaw=LOCAL_HOLD
[EXPERIMENTAL AUTO] ACTIVE frame=15457 cmd=(+0.079,-0.008,-0.008) yaw=LOCAL_HOLD
[EXPERIMENTAL AUTO] ACTIVE frame=15460 cmd=(+0.053,-0.010,-0.019) yaw=LOCAL_HOLD
[EXPERIMENTAL AUTO] ACTIVE frame=15463 cmd=(+0.050,-0.012,-0.026) yaw=LOCAL_HOLD
[EXPERIMENTAL AUTO] ACTIVE frame=15469 cmd=(+0.017,-0.018,-0.044) yaw=LOCAL_HOLD
[EXPERIMENTAL AUTO] ACTIVE frame=15472 cmd=(-0.010,-0.024,-0.045) yaw=LOCAL_HOLD
[EXPERIMENTAL AUTO] ACTIVE frame=15475 cmd=(-0.032,-0.035,-0.032) yaw=LOCAL_HOLD
[EXPERIMENTAL AUTO] ACTIVE frame=15478 cmd=(-0.055,-0.030,-0.020) yaw=LOCAL_HOLD
[EXPERIMENTAL AUTO] ACTIVE frame=15481 cmd=(-0.072,-0.024,-0.006) yaw=LOCAL_HOLD
[EXPERIMENTAL AUTO] ACTIVE frame=15484 cmd=(-0.084,-0.042,+0.007) yaw=LOCAL_HOLD
[EXPERIMENTAL AUTO] ACTIVE frame=15487 cmd=(-0.092,-0.055,+0.019) yaw=LOCAL_HOLD
[EXPERIMENTAL AUTO] ACTIVE frame=15490 cmd=(-0.094,-0.074,+0.030) yaw=LOCAL_HOLD
[EXPERIMENTAL AUTO] ACTIVE frame=15493 cmd=(-0.090,-0.094,+0.039) yaw=LOCAL_HOLD
[EXPERIMENTAL AUTO] ACTIVE frame=15496 cmd=(-0.085,-0.109,+0.046) yaw=LOCAL_HOLD
[EXPERIMENTAL AUTO] ACTIVE frame=15499 cmd=(-0.076,-0.097,+0.050) yaw=LOCAL_HOLD
[EXPERIMENTAL AUTO] ACTIVE frame=15502 cmd=(-0.060,-0.076,+0.054) yaw=LOCAL_HOLD
[EXPERIMENTAL AUTO] ACTIVE frame=15505 cmd=(-0.044,-0.052,+0.062) yaw=LOCAL_HOLD
[EXPERIMENTAL AUTO] ACTIVE frame=15508 cmd=(-0.030,-0.026,+0.074) yaw=LOCAL_HOLD
[EXPERIMENTAL AUTO] ACTIVE frame=15511 cmd=(-0.013,-0.012,+0.072) yaw=LOCAL_HOLD
[EXPERIMENTAL AUTO] ACTIVE frame=15514 cmd=(+0.005,-0.004,+0.064) yaw=LOCAL_HOLD
[EXPERIMENTAL AUTO] ACTIVE frame=15517 cmd=(+0.020,+0.002,+0.056) yaw=LOCAL_HOLD
[EXPERIMENTAL AUTO] ACTIVE frame=15520 cmd=(+0.033,+0.003,+0.047) yaw=LOCAL_HOLD
[EXPERIMENTAL AUTO] ACTIVE frame=15523 cmd=(+0.042,+0.006,+0.039) yaw=LOCAL_HOLD
[EXPERIMENTAL AUTO] ACTIVE frame=15526 cmd=(+0.051,+0.007,+0.030) yaw=LOCAL_HOLD
[EXPERIMENTAL AUTO] ACTIVE frame=15529 cmd=(+0.065,+0.008,+0.022) yaw=LOCAL_HOLD
[EXPERIMENTAL AUTO] ACTIVE frame=15532 cmd=(+0.082,+0.008,+0.013) yaw=LOCAL_HOLD
[EXPERIMENTAL AUTO] ACTIVE frame=15535 cmd=(+0.091,+0.008,+0.006) yaw=LOCAL_HOLD
[EXPERIMENTAL AUTO] ACTIVE frame=15541 cmd=(+0.089,+0.008,-0.005) yaw=LOCAL_HOLD
[EXPERIMENTAL AUTO] ACTIVE frame=15544 cmd=(+0.082,+0.007,-0.012) yaw=LOCAL_HOLD
[EXPERIMENTAL AUTO] ACTIVE frame=15547 cmd=(+0.073,+0.003,-0.029) yaw=LOCAL_HOLD
[EXPERIMENTAL AUTO] ACTIVE frame=15550 cmd=(+0.060,+0.002,-0.047) yaw=LOCAL_HOLD
[EXPERIMENTAL AUTO] ACTIVE frame=15553 cmd=(+0.056,-0.001,-0.051) yaw=LOCAL_HOLD
[EXPERIMENTAL AUTO] ACTIVE frame=15556 cmd=(+0.040,-0.006,-0.075) yaw=LOCAL_HOLD
[EXPERIMENTAL AUTO] ACTIVE frame=15559 cmd=(+0.026,-0.013,-0.079) yaw=LOCAL_HOLD
[EXPERIMENTAL AUTO] ACTIVE frame=15565 cmd=(+0.015,-0.022,-0.059) yaw=LOCAL_HOLD
[EXPERIMENTAL AUTO] ACTIVE frame=15568 cmd=(+0.009,-0.028,-0.035) yaw=LOCAL_HOLD
[EXPERIMENTAL AUTO] ACTIVE frame=15571 cmd=(+0.003,-0.036,-0.014) yaw=LOCAL_HOLD
[EXPERIMENTAL AUTO] ACTIVE frame=15577 cmd=(-0.004,-0.046,+0.007) yaw=LOCAL_HOLD
[EXPERIMENTAL AUTO] ACTIVE frame=15580 cmd=(-0.012,-0.069,+0.024) yaw=LOCAL_HOLD
[EXPERIMENTAL AUTO] ACTIVE frame=15583 cmd=(-0.019,-0.098,+0.038) yaw=LOCAL_HOLD
[EXPERIMENTAL AUTO] ACTIVE frame=15586 cmd=(-0.024,-0.128,+0.047) yaw=LOCAL_HOLD
[EXPERIMENTAL AUTO] ACTIVE frame=15589 cmd=(-0.027,-0.157,+0.050) yaw=LOCAL_HOLD
[EXPERIMENTAL AUTO] ACTIVE frame=15592 cmd=(-0.029,-0.161,+0.052) yaw=LOCAL_HOLD
[EXPERIMENTAL AUTO] ACTIVE frame=15595 cmd=(-0.027,-0.125,+0.050) yaw=LOCAL_HOLD
[EXPERIMENTAL AUTO] ACTIVE frame=15601 cmd=(-0.020,-0.091,+0.048) yaw=LOCAL_HOLD
[EXPERIMENTAL AUTO] ACTIVE frame=15604 cmd=(-0.012,-0.058,+0.047) yaw=LOCAL_HOLD
[EXPERIMENTAL AUTO] ACTIVE frame=15607 cmd=(-0.010,-0.058,+0.044) yaw=LOCAL_HOLD
[EXPERIMENTAL AUTO] ACTIVE frame=15610 cmd=(-0.005,-0.024,+0.039) yaw=LOCAL_HOLD
[EXPERIMENTAL AUTO] ACTIVE frame=15613 cmd=(-0.009,-0.024,+0.036) yaw=LOCAL_HOLD
[EXPERIMENTAL AUTO] ACTIVE frame=15616 cmd=(-0.010,+0.006,+0.028) yaw=LOCAL_HOLD
[EXPERIMENTAL AUTO] ACTIVE frame=15619 cmd=(-0.010,+0.020,+0.021) yaw=LOCAL_HOLD
[EXPERIMENTAL AUTO] ACTIVE frame=15622 cmd=(-0.019,+0.030,+0.013) yaw=LOCAL_HOLD
[EXPERIMENTAL AUTO] ACTIVE frame=15625 cmd=(-0.022,+0.028,+0.012) yaw=LOCAL_HOLD
[EXPERIMENTAL AUTO] ACTIVE frame=15628 cmd=(-0.030,+0.035,+0.002) yaw=LOCAL_HOLD
[EXPERIMENTAL AUTO] ACTIVE frame=15631 cmd=(-0.035,+0.039,+0.000) yaw=LOCAL_HOLD
[EXPERIMENTAL AUTO] ACTIVE frame=15634 cmd=(-0.054,+0.057,-0.008) yaw=LOCAL_HOLD
[EXPERIMENTAL AUTO] ACTIVE frame=15637 cmd=(-0.059,+0.062,-0.009) yaw=LOCAL_HOLD
[EXPERIMENTAL AUTO] ACTIVE frame=15640 cmd=(-0.083,+0.064,-0.023) yaw=LOCAL_HOLD
[EXPERIMENTAL AUTO] ACTIVE frame=15643 cmd=(-0.106,+0.050,-0.040) yaw=LOCAL_HOLD
[EXPERIMENTAL AUTO] ACTIVE frame=15646 cmd=(-0.136,+0.039,-0.056) yaw=LOCAL_HOLD
[EXPERIMENTAL AUTO] ACTIVE frame=15649 cmd=(-0.137,+0.034,-0.043) yaw=LOCAL_HOLD
[EXPERIMENTAL AUTO] ACTIVE frame=15652 cmd=(-0.169,+0.023,-0.034) yaw=LOCAL_HOLD
[EXPERIMENTAL AUTO] ACTIVE frame=15655 cmd=(-0.192,+0.018,-0.023) yaw=LOCAL_HOLD
[EXPERIMENTAL AUTO] ACTIVE: RETURN TO FOSSEN BALANCE, WAIT VISION
[EXPERIMENTAL AUTO] ACTIVE frame=15670 cmd=(-0.088,+0.006,+0.013) yaw=LOCAL_HOLD
[EXPERIMENTAL AUTO] ACTIVE frame=15673 cmd=(-0.089,+0.006,+0.016) yaw=LOCAL_HOLD
[EXPERIMENTAL AUTO] ACTIVE frame=15676 cmd=(-0.081,+0.015,+0.009) yaw=LOCAL_HOLD
[EXPERIMENTAL AUTO] ACTIVE frame=15679 cmd=(-0.074,+0.022,+0.000) yaw=LOCAL_HOLD
[EXPERIMENTAL AUTO] ACTIVE: RETURN TO FOSSEN BALANCE, WAIT VISION
[EXPERIMENTAL AUTO] ACTIVE frame=15694 cmd=(-0.032,+0.007,+0.017) yaw=LOCAL_HOLD
[EXPERIMENTAL AUTO] ACTIVE frame=15697 cmd=(-0.032,+0.004,+0.017) yaw=LOCAL_HOLD
[EXPERIMENTAL AUTO] ACTIVE frame=15700 cmd=(-0.063,+0.013,+0.014) yaw=LOCAL_HOLD
[EXPERIMENTAL AUTO] ACTIVE frame=15703 cmd=(-0.095,+0.018,+0.009) yaw=LOCAL_HOLD
[EXPERIMENTAL AUTO] ACTIVE: RETURN TO FOSSEN BALANCE, WAIT VISION
[EXPERIMENTAL AUTO] ACTIVE frame=15718 cmd=(-0.032,+0.002,+0.021) yaw=LOCAL_HOLD
[EXPERIMENTAL AUTO] ACTIVE frame=15721 cmd=(-0.032,+0.003,+0.022) yaw=LOCAL_HOLD
[EXPERIMENTAL AUTO] ACTIVE frame=15724 cmd=(-0.063,+0.005,+0.020) yaw=LOCAL_HOLD
[EXPERIMENTAL AUTO] ACTIVE frame=15727 cmd=(-0.095,-0.002,+0.016) yaw=LOCAL_HOLD
[EXPERIMENTAL AUTO] ACTIVE: RETURN TO FOSSEN BALANCE, WAIT VISION
[EXPERIMENTAL AUTO] ACTIVE frame=15748 cmd=(+0.034,-0.008,+0.011) yaw=LOCAL_HOLD
[EXPERIMENTAL AUTO] ACTIVE frame=15751 cmd=(+0.068,-0.013,-0.004) yaw=LOCAL_HOLD
[EXPERIMENTAL AUTO] ACTIVE: RETURN TO FOSSEN BALANCE, WAIT VISION
[EXPERIMENTAL AUTO] ACTIVE frame=15778 cmd=(-0.032,+0.016,+0.019) yaw=LOCAL_HOLD
[EXPERIMENTAL AUTO] ACTIVE frame=15781 cmd=(-0.032,+0.016,+0.018) yaw=LOCAL_HOLD
[EXPERIMENTAL AUTO] ACTIVE frame=15784 cmd=(-0.063,+0.028,+0.011) yaw=LOCAL_HOLD
[EXPERIMENTAL AUTO] ACTIVE frame=15787 cmd=(-0.095,+0.045,+0.005) yaw=LOCAL_HOLD
[EXPERIMENTAL AUTO] ACTIVE frame=15790 cmd=(-0.063,+0.045,-0.009) yaw=LOCAL_HOLD
[EXPERIMENTAL AUTO] ACTIVE frame=15793 cmd=(-0.063,+0.028,-0.014) yaw=LOCAL_HOLD
[EXPERIMENTAL AUTO] ACTIVE frame=15796 cmd=(-0.032,+0.011,-0.032) yaw=LOCAL_HOLD
[EXPERIMENTAL AUTO] ACTIVE frame=15799 cmd=(-0.000,-0.002,-0.052) yaw=LOCAL_HOLD
[EXPERIMENTAL AUTO] ACTIVE frame=15802 cmd=(+0.034,-0.002,-0.069) yaw=LOCAL_HOLD
[EXPERIMENTAL AUTO] ACTIVE frame=15805 cmd=(+0.034,-0.002,-0.054) yaw=LOCAL_HOLD
[EXPERIMENTAL AUTO] ACTIVE frame=15808 cmd=(+0.068,-0.012,-0.041) yaw=LOCAL_HOLD
[EXPERIMENTAL AUTO] ACTIVE frame=15811 cmd=(+0.101,-0.018,-0.028) yaw=LOCAL_HOLD
[EXPERIMENTAL AUTO] ACTIVE: RETURN TO FOSSEN BALANCE, WAIT VISION
[EXPERIMENTAL AUTO] ACTIVE frame=15841 cmd=(-0.010,+0.005,+0.012) yaw=LOCAL_HOLD
[EXPERIMENTAL AUTO] ACTIVE frame=15844 cmd=(-0.017,+0.011,+0.001) yaw=LOCAL_HOLD
[EXPERIMENTAL AUTO] ACTIVE frame=15847 cmd=(-0.023,+0.016,-0.011) yaw=LOCAL_HOLD
[EXPERIMENTAL AUTO] ACTIVE frame=15853 cmd=(-0.051,+0.023,-0.020) yaw=LOCAL_HOLD
[EXPERIMENTAL AUTO] ACTIVE frame=15856 cmd=(-0.083,+0.029,-0.020) yaw=LOCAL_HOLD
[EXPERIMENTAL AUTO] ACTIVE frame=15859 cmd=(-0.114,+0.035,-0.014) yaw=LOCAL_HOLD
[EXPERIMENTAL AUTO] ACTIVE: RETURN TO FOSSEN BALANCE, WAIT VISION
[EXPERIMENTAL AUTO] ACTIVE frame=15868 cmd=(-0.051,-0.000,+0.001) yaw=LOCAL_HOLD
[EXPERIMENTAL AUTO] ACTIVE frame=15871 cmd=(-0.019,-0.018,-0.016) yaw=LOCAL_HOLD
[EXPERIMENTAL AUTO] ACTIVE: RETURN TO FOSSEN BALANCE, WAIT VISION
[EXPERIMENTAL AUTO] ACTIVE frame=15886 cmd=(+0.034,-0.012,+0.009) yaw=LOCAL_HOLD
[EXPERIMENTAL AUTO] ACTIVE frame=15889 cmd=(+0.034,-0.012,+0.008) yaw=LOCAL_HOLD
[EXPERIMENTAL AUTO] ACTIVE frame=15892 cmd=(+0.068,-0.023,-0.013) yaw=LOCAL_HOLD
[EXPERIMENTAL AUTO] ACTIVE frame=15895 cmd=(+0.101,-0.028,-0.037) yaw=LOCAL_HOLD
[EXPERIMENTAL AUTO] ACTIVE frame=15901 cmd=(+0.135,-0.025,-0.062) yaw=LOCAL_HOLD
[EXPERIMENTAL AUTO] ACTIVE frame=15904 cmd=(+0.169,-0.023,-0.087) yaw=LOCAL_HOLD
[EXPERIMENTAL AUTO] ACTIVE frame=15907 cmd=(+0.200,-0.023,-0.111) yaw=LOCAL_HOLD
[EXPERIMENTAL AUTO] ACTIVE frame=15910 cmd=(+0.200,-0.030,-0.112) yaw=LOCAL_HOLD
[EXPERIMENTAL AUTO] ACTIVE frame=15913 cmd=(+0.200,-0.033,-0.083) yaw=LOCAL_HOLD
[EXPERIMENTAL AUTO] ACTIVE frame=15916 cmd=(+0.200,-0.045,-0.055) yaw=LOCAL_HOLD
[EXPERIMENTAL AUTO] ACTIVE frame=15919 cmd=(+0.200,-0.058,-0.032) yaw=LOCAL_HOLD
[EXPERIMENTAL AUTO] ACTIVE: RETURN TO FOSSEN BALANCE, WAIT VISION
[EXPERIMENTAL AUTO] ACTIVE frame=15934 cmd=(+0.099,-0.006,+0.016) yaw=LOCAL_HOLD
[EXPERIMENTAL AUTO] ACTIVE frame=15937 cmd=(+0.099,-0.004,+0.017) yaw=LOCAL_HOLD
[EXPERIMENTAL AUTO] ACTIVE frame=15940 cmd=(+0.132,-0.008,+0.010) yaw=LOCAL_HOLD
[EXPERIMENTAL AUTO] ACTIVE frame=15943 cmd=(+0.166,-0.012,+0.005) yaw=LOCAL_HOLD
[EXPERIMENTAL AUTO] ACTIVE: RETURN TO FOSSEN BALANCE, WAIT VISION
[EXPERIMENTAL AUTO] ACTIVE frame=15949 cmd=(+0.182,-0.007,-0.000) yaw=LOCAL_HOLD
[EXPERIMENTAL AUTO] ACTIVE frame=15952 cmd=(+0.148,+0.012,-0.003) yaw=LOCAL_HOLD
[EXPERIMENTAL AUTO] ACTIVE frame=15955 cmd=(+0.115,+0.044,-0.003) yaw=LOCAL_HOLD
[EXPERIMENTAL AUTO] ACTIVE: RETURN TO FOSSEN BALANCE, WAIT VISION
[EXPERIMENTAL AUTO] ACTIVE frame=15982 cmd=(-0.017,+0.003,+0.015) yaw=LOCAL_HOLD
[EXPERIMENTAL AUTO] ACTIVE frame=15985 cmd=(-0.017,+0.007,+0.011) yaw=LOCAL_HOLD
[EXPERIMENTAL AUTO] ACTIVE frame=15988 cmd=(-0.032,+0.013,+0.000) yaw=LOCAL_HOLD
[EXPERIMENTAL AUTO] ACTIVE frame=15991 cmd=(-0.045,+0.016,-0.013) yaw=LOCAL_HOLD
[EXPERIMENTAL AUTO] ACTIVE frame=15997 cmd=(-0.074,+0.027,-0.020) yaw=LOCAL_HOLD
[EXPERIMENTAL AUTO] ACTIVE frame=16000 cmd=(-0.106,+0.024,-0.013) yaw=LOCAL_HOLD
[EXPERIMENTAL AUTO] ACTIVE frame=16003 cmd=(-0.137,+0.002,-0.003) yaw=LOCAL_HOLD
[EXPERIMENTAL AUTO] ACTIVE frame=16009 cmd=(-0.169,-0.011,+0.009) yaw=LOCAL_HOLD
[EXPERIMENTAL AUTO] ACTIVE frame=16012 cmd=(-0.200,-0.030,+0.019) yaw=LOCAL_HOLD
[EXPERIMENTAL AUTO] ACTIVE frame=16015 cmd=(-0.200,-0.038,+0.027) yaw=LOCAL_HOLD
[EXPERIMENTAL AUTO] ACTIVE frame=16021 cmd=(-0.200,-0.041,+0.034) yaw=LOCAL_HOLD
[EXPERIMENTAL AUTO] ACTIVE frame=16024 cmd=(-0.200,-0.031,+0.038) yaw=LOCAL_HOLD
[EXPERIMENTAL AUTO] ACTIVE frame=16027 cmd=(-0.199,-0.015,+0.039) yaw=LOCAL_HOLD
[EXPERIMENTAL AUTO] ACTIVE frame=16033 cmd=(-0.182,-0.007,+0.040) yaw=LOCAL_HOLD
[EXPERIMENTAL AUTO] ACTIVE frame=16036 cmd=(-0.158,-0.001,+0.040) yaw=LOCAL_HOLD
[EXPERIMENTAL AUTO] ACTIVE frame=16039 cmd=(-0.134,+0.005,+0.037) yaw=LOCAL_HOLD
[EXPERIMENTAL AUTO] ACTIVE frame=16042 cmd=(-0.102,+0.010,+0.034) yaw=LOCAL_HOLD
[EXPERIMENTAL AUTO] ACTIVE frame=16045 cmd=(-0.102,+0.011,+0.032) yaw=LOCAL_HOLD
[EXPERIMENTAL AUTO] ACTIVE frame=16048 cmd=(-0.070,+0.016,+0.028) yaw=LOCAL_HOLD
[EXPERIMENTAL AUTO] ACTIVE frame=16051 cmd=(-0.039,+0.018,+0.025) yaw=LOCAL_HOLD
[EXPERIMENTAL AUTO] ACTIVE frame=16054 cmd=(-0.007,+0.016,+0.022) yaw=LOCAL_HOLD
[EXPERIMENTAL AUTO] ACTIVE frame=16057 cmd=(-0.007,+0.015,+0.022) yaw=LOCAL_HOLD
[EXPERIMENTAL AUTO] ACTIVE frame=16060 cmd=(+0.025,+0.011,+0.019) yaw=LOCAL_HOLD
[EXPERIMENTAL AUTO] ACTIVE frame=16063 cmd=(+0.059,+0.018,+0.017) yaw=LOCAL_HOLD
[EXPERIMENTAL AUTO] ACTIVE frame=16066 cmd=(+0.092,+0.015,+0.016) yaw=LOCAL_HOLD
[EXPERIMENTAL AUTO] ACTIVE frame=16069 cmd=(+0.093,+0.017,+0.017) yaw=LOCAL_HOLD
[EXPERIMENTAL AUTO] ACTIVE frame=16072 cmd=(+0.119,+0.018,+0.016) yaw=LOCAL_HOLD
[EXPERIMENTAL AUTO] ACTIVE frame=16075 cmd=(+0.128,+0.020,+0.017) yaw=LOCAL_HOLD
[EXPERIMENTAL AUTO] ACTIVE frame=16078 cmd=(+0.131,+0.027,+0.017) yaw=LOCAL_HOLD
[EXPERIMENTAL AUTO] ACTIVE frame=16081 cmd=(+0.126,+0.031,+0.016) yaw=LOCAL_HOLD
[EXPERIMENTAL AUTO] ACTIVE frame=16084 cmd=(+0.121,+0.045,+0.016) yaw=LOCAL_HOLD
[EXPERIMENTAL AUTO] ACTIVE frame=16087 cmd=(+0.113,+0.061,+0.015) yaw=LOCAL_HOLD
[EXPERIMENTAL AUTO] ACTIVE frame=16090 cmd=(+0.101,+0.080,+0.013) yaw=LOCAL_HOLD
[EXPERIMENTAL AUTO] ACTIVE frame=16093 cmd=(+0.096,+0.072,+0.012) yaw=LOCAL_HOLD
[EXPERIMENTAL AUTO] ACTIVE frame=16096 cmd=(+0.081,+0.060,+0.009) yaw=LOCAL_HOLD
[EXPERIMENTAL AUTO] ACTIVE frame=16099 cmd=(+0.067,+0.040,+0.008) yaw=LOCAL_HOLD
[EXPERIMENTAL AUTO] ACTIVE frame=16102 cmd=(+0.033,+0.031,+0.009) yaw=LOCAL_HOLD
[EXPERIMENTAL AUTO] ACTIVE frame=16105 cmd=(+0.033,+0.032,+0.009) yaw=LOCAL_HOLD
[EXPERIMENTAL AUTO] ACTIVE frame=16108 cmd=(-0.001,+0.064,+0.011) yaw=LOCAL_HOLD
[EXPERIMENTAL AUTO] ACTIVE frame=16111 cmd=(-0.033,+0.096,+0.013) yaw=LOCAL_HOLD
[EXPERIMENTAL AUTO] ACTIVE frame=16114 cmd=(-0.065,+0.064,+0.013) yaw=LOCAL_HOLD
[EXPERIMENTAL AUTO] ACTIVE frame=16117 cmd=(-0.065,+0.064,+0.011) yaw=LOCAL_HOLD
[EXPERIMENTAL AUTO] ACTIVE frame=16120 cmd=(-0.069,+0.033,+0.009) yaw=LOCAL_HOLD
[EXPERIMENTAL AUTO] ACTIVE frame=16123 cmd=(-0.048,+0.000,+0.007) yaw=LOCAL_HOLD
[EXPERIMENTAL AUTO] ACTIVE frame=16129 cmd=(-0.022,-0.011,+0.007) yaw=LOCAL_HOLD
[EXPERIMENTAL AUTO] ACTIVE frame=16132 cmd=(+0.002,-0.020,+0.007) yaw=LOCAL_HOLD
[EXPERIMENTAL AUTO] ACTIVE frame=16135 cmd=(+0.020,-0.031,+0.005) yaw=LOCAL_HOLD
[EXPERIMENTAL AUTO] ACTIVE frame=16138 cmd=(+0.034,-0.038,+0.009) yaw=LOCAL_HOLD
[EXPERIMENTAL AUTO] ACTIVE frame=16141 cmd=(+0.030,-0.044,+0.006) yaw=LOCAL_HOLD
[EXPERIMENTAL AUTO] ACTIVE frame=16144 cmd=(+0.034,-0.034,+0.005) yaw=LOCAL_HOLD
[EXPERIMENTAL AUTO] ACTIVE frame=16147 cmd=(+0.030,-0.033,+0.004) yaw=LOCAL_HOLD
[EXPERIMENTAL AUTO] ACTIVE frame=16150 cmd=(+0.019,-0.028,+0.003) yaw=LOCAL_HOLD
[EXPERIMENTAL AUTO] ACTIVE frame=16153 cmd=(+0.010,-0.035,+0.002) yaw=LOCAL_HOLD
[EXPERIMENTAL AUTO] ACTIVE frame=16156 cmd=(-0.006,-0.023,+0.001) yaw=LOCAL_HOLD
[EXPERIMENTAL AUTO] ACTIVE frame=16159 cmd=(-0.020,-0.016,+0.003) yaw=LOCAL_HOLD
[EXPERIMENTAL AUTO] ACTIVE frame=16162 cmd=(-0.035,-0.007,+0.008) yaw=LOCAL_HOLD
[EXPERIMENTAL AUTO] ACTIVE frame=16165 cmd=(-0.038,-0.016,+0.010) yaw=LOCAL_HOLD
[EXPERIMENTAL AUTO] ACTIVE frame=16168 cmd=(-0.054,-0.015,+0.014) yaw=LOCAL_HOLD
[EXPERIMENTAL AUTO] ACTIVE frame=16171 cmd=(-0.070,-0.015,+0.019) yaw=LOCAL_HOLD
[EXPERIMENTAL AUTO] ACTIVE frame=16174 cmd=(-0.043,-0.035,+0.021) yaw=LOCAL_HOLD
[EXPERIMENTAL AUTO] ACTIVE frame=16177 cmd=(-0.039,-0.039,+0.022) yaw=LOCAL_HOLD
[EXPERIMENTAL AUTO] ACTIVE frame=16180 cmd=(-0.007,-0.061,+0.024) yaw=LOCAL_HOLD
[EXPERIMENTAL AUTO] ACTIVE frame=16183 cmd=(+0.026,-0.083,+0.028) yaw=LOCAL_HOLD
[EXPERIMENTAL AUTO] ACTIVE frame=16186 cmd=(+0.060,-0.107,+0.030) yaw=LOCAL_HOLD
[EXPERIMENTAL AUTO] ACTIVE frame=16189 cmd=(+0.060,-0.068,+0.031) yaw=LOCAL_HOLD
[EXPERIMENTAL AUTO] ACTIVE frame=16192 cmd=(+0.094,-0.047,+0.032) yaw=LOCAL_HOLD
[EXPERIMENTAL AUTO] ACTIVE frame=16195 cmd=(+0.119,-0.031,+0.033) yaw=LOCAL_HOLD
[EXPERIMENTAL AUTO] ACTIVE frame=16198 cmd=(+0.111,-0.015,+0.032) yaw=LOCAL_HOLD
[EXPERIMENTAL AUTO] ACTIVE frame=16201 cmd=(+0.093,-0.011,+0.031) yaw=LOCAL_HOLD
[EXPERIMENTAL AUTO] ACTIVE frame=16204 cmd=(+0.063,+0.000,+0.029) yaw=LOCAL_HOLD
[EXPERIMENTAL AUTO] ACTIVE frame=16207 cmd=(+0.035,+0.007,+0.026) yaw=LOCAL_HOLD
[EXPERIMENTAL AUTO] ACTIVE frame=16210 cmd=(+0.002,+0.016,+0.022) yaw=LOCAL_HOLD
[EXPERIMENTAL AUTO] ACTIVE frame=16213 cmd=(+0.002,+0.019,+0.020) yaw=LOCAL_HOLD
[EXPERIMENTAL AUTO] ACTIVE frame=16216 cmd=(-0.030,+0.027,+0.016) yaw=LOCAL_HOLD
[EXPERIMENTAL AUTO] ACTIVE frame=16219 cmd=(-0.060,+0.026,+0.013) yaw=LOCAL_HOLD
[EXPERIMENTAL AUTO] ACTIVE frame=16222 cmd=(-0.092,+0.023,+0.011) yaw=LOCAL_HOLD
[EXPERIMENTAL AUTO] ACTIVE frame=16225 cmd=(-0.092,+0.028,+0.011) yaw=LOCAL_HOLD
[EXPERIMENTAL AUTO] ACTIVE frame=16228 cmd=(-0.123,+0.027,+0.010) yaw=LOCAL_HOLD
[EXPERIMENTAL AUTO] ACTIVE frame=16231 cmd=(-0.155,+0.021,+0.011) yaw=LOCAL_HOLD
[EXPERIMENTAL AUTO] ACTIVE frame=16237 cmd=(-0.179,+0.015,+0.012) yaw=LOCAL_HOLD
[EXPERIMENTAL AUTO] ACTIVE frame=16240 cmd=(-0.193,+0.018,+0.014) yaw=LOCAL_HOLD
[EXPERIMENTAL AUTO] ACTIVE frame=16243 cmd=(-0.199,+0.024,+0.017) yaw=LOCAL_HOLD
[EXPERIMENTAL AUTO] ACTIVE frame=16249 cmd=(-0.195,+0.033,+0.019) yaw=LOCAL_HOLD
[EXPERIMENTAL AUTO] ACTIVE frame=16252 cmd=(-0.185,+0.043,+0.021) yaw=LOCAL_HOLD
[EXPERIMENTAL AUTO] ACTIVE frame=16255 cmd=(-0.173,+0.054,+0.023) yaw=LOCAL_HOLD
[EXPERIMENTAL AUTO] ACTIVE frame=16261 cmd=(-0.141,+0.042,+0.024) yaw=LOCAL_HOLD
[EXPERIMENTAL AUTO] ACTIVE frame=16264 cmd=(-0.110,+0.021,+0.023) yaw=LOCAL_HOLD
[EXPERIMENTAL AUTO] ACTIVE frame=16267 cmd=(-0.078,+0.008,+0.023) yaw=LOCAL_HOLD
[EXPERIMENTAL AUTO] ACTIVE: RETURN TO FOSSEN BALANCE, WAIT VISION
[EXPERIMENTAL AUTO] ACTIVE frame=16285 cmd=(-0.032,-0.001,+0.021) yaw=LOCAL_HOLD
[EXPERIMENTAL AUTO] ACTIVE frame=16288 cmd=(-0.063,-0.012,+0.018) yaw=LOCAL_HOLD
[EXPERIMENTAL AUTO] ACTIVE frame=16291 cmd=(-0.095,-0.016,+0.014) yaw=LOCAL_HOLD
[EXPERIMENTAL AUTO] ACTIVE frame=16294 cmd=(-0.117,-0.009,+0.007) yaw=LOCAL_HOLD
[EXPERIMENTAL AUTO] ACTIVE frame=16297 cmd=(-0.111,-0.009,+0.007) yaw=LOCAL_HOLD
[EXPERIMENTAL AUTO] ACTIVE frame=16300 cmd=(-0.136,-0.002,-0.001) yaw=LOCAL_HOLD
[EXPERIMENTAL AUTO] ACTIVE frame=16303 cmd=(-0.168,+0.006,-0.007) yaw=LOCAL_HOLD
[EXPERIMENTAL AUTO] ACTIVE: RETURN TO FOSSEN BALANCE, WAIT VISION
[EXPERIMENTAL AUTO] ACTIVE frame=16321 cmd=(-0.010,-0.014,+0.015) yaw=LOCAL_HOLD
[EXPERIMENTAL AUTO] ACTIVE frame=16324 cmd=(+0.034,-0.011,+0.015) yaw=LOCAL_HOLD
[EXPERIMENTAL AUTO] ACTIVE frame=16327 cmd=(+0.068,-0.029,+0.007) yaw=LOCAL_HOLD
[EXPERIMENTAL AUTO] ACTIVE frame=16330 cmd=(+0.101,-0.038,-0.001) yaw=LOCAL_HOLD
[EXPERIMENTAL AUTO] ACTIVE frame=16333 cmd=(+0.101,-0.039,+0.000) yaw=LOCAL_HOLD
[EXPERIMENTAL AUTO] ACTIVE frame=16336 cmd=(+0.135,-0.056,-0.007) yaw=LOCAL_HOLD
[EXPERIMENTAL AUTO] ACTIVE frame=16339 cmd=(+0.169,-0.074,-0.011) yaw=LOCAL_HOLD
[EXPERIMENTAL AUTO] ACTIVE frame=16342 cmd=(+0.200,-0.090,-0.016) yaw=LOCAL_HOLD
[EXPERIMENTAL AUTO] ACTIVE frame=16345 cmd=(+0.200,-0.075,-0.019) yaw=LOCAL_HOLD
[EXPERIMENTAL AUTO] ACTIVE frame=16348 cmd=(+0.200,-0.048,-0.029) yaw=LOCAL_HOLD
[EXPERIMENTAL AUTO] ACTIVE frame=16351 cmd=(+0.200,-0.025,-0.036) yaw=LOCAL_HOLD
[EXPERIMENTAL AUTO] ACTIVE: RETURN TO FOSSEN BALANCE, WAIT VISION
[EXPERIMENTAL AUTO] ACTIVE frame=16360 cmd=(+0.200,-0.021,-0.041) yaw=LOCAL_HOLD
[EXPERIMENTAL AUTO] ACTIVE frame=16363 cmd=(+0.166,+0.002,-0.033) yaw=LOCAL_HOLD
[EXPERIMENTAL AUTO] ACTIVE frame=16366 cmd=(+0.132,+0.022,-0.009) yaw=LOCAL_HOLD
[EXPERIMENTAL AUTO] ACTIVE frame=16369 cmd=(+0.132,+0.019,-0.002) yaw=LOCAL_HOLD
[EXPERIMENTAL AUTO] ACTIVE frame=16372 cmd=(+0.099,+0.022,+0.018) yaw=LOCAL_HOLD
[EXPERIMENTAL AUTO] ACTIVE frame=16375 cmd=(+0.065,+0.023,+0.029) yaw=LOCAL_HOLD
[EXPERIMENTAL AUTO] ACTIVE: RETURN TO FOSSEN BALANCE, WAIT VISION
[EXPERIMENTAL AUTO] ACTIVE frame=16384 cmd=(+0.065,+0.002,+0.024) yaw=LOCAL_HOLD
[EXPERIMENTAL AUTO] ACTIVE frame=16387 cmd=(+0.099,+0.002,+0.029) yaw=LOCAL_HOLD
[EXPERIMENTAL AUTO] ACTIVE frame=16390 cmd=(+0.074,+0.022,+0.034) yaw=LOCAL_HOLD
[EXPERIMENTAL AUTO] ACTIVE frame=16393 cmd=(+0.065,+0.024,+0.034) yaw=LOCAL_HOLD
[EXPERIMENTAL AUTO] ACTIVE frame=16396 cmd=(+0.041,+0.038,+0.037) yaw=LOCAL_HOLD
[EXPERIMENTAL AUTO] ACTIVE frame=16399 cmd=(+0.037,+0.047,+0.038) yaw=LOCAL_HOLD
[EXPERIMENTAL AUTO] ACTIVE frame=16402 cmd=(+0.028,+0.046,+0.037) yaw=LOCAL_HOLD
[EXPERIMENTAL AUTO] ACTIVE frame=16405 cmd=(+0.027,+0.033,+0.035) yaw=LOCAL_HOLD
[EXPERIMENTAL AUTO] ACTIVE frame=16408 cmd=(+0.019,+0.016,+0.032) yaw=LOCAL_HOLD
[EXPERIMENTAL AUTO] ACTIVE frame=16411 cmd=(+0.013,+0.014,+0.027) yaw=LOCAL_HOLD
[EXPERIMENTAL AUTO] ACTIVE frame=16414 cmd=(+0.011,+0.011,+0.023) yaw=LOCAL_HOLD
[EXPERIMENTAL AUTO] ACTIVE frame=16417 cmd=(+0.014,+0.008,+0.021) yaw=LOCAL_HOLD
[EXPERIMENTAL AUTO] ACTIVE frame=16420 cmd=(+0.016,+0.005,+0.018) yaw=LOCAL_HOLD
[EXPERIMENTAL AUTO] ACTIVE frame=16423 cmd=(+0.024,-0.007,+0.017) yaw=LOCAL_HOLD
[EXPERIMENTAL AUTO] ACTIVE frame=16426 cmd=(+0.020,-0.010,+0.015) yaw=LOCAL_HOLD
[EXPERIMENTAL AUTO] ACTIVE frame=16429 cmd=(+0.014,-0.004,+0.016) yaw=LOCAL_HOLD
[EXPERIMENTAL AUTO] ACTIVE frame=16432 cmd=(-0.001,-0.007,+0.015) yaw=LOCAL_HOLD
[EXPERIMENTAL AUTO] ACTIVE frame=16435 cmd=(-0.002,-0.009,+0.016) yaw=LOCAL_HOLD
[EXPERIMENTAL AUTO] ACTIVE frame=16438 cmd=(-0.015,-0.003,+0.016) yaw=LOCAL_HOLD
[EXPERIMENTAL AUTO] ACTIVE frame=16441 cmd=(-0.018,-0.004,+0.015) yaw=LOCAL_HOLD
[EXPERIMENTAL AUTO] ACTIVE frame=16444 cmd=(-0.027,+0.004,+0.015) yaw=LOCAL_HOLD
[EXPERIMENTAL AUTO] ACTIVE frame=16447 cmd=(-0.032,-0.001,+0.014) yaw=LOCAL_HOLD
[EXPERIMENTAL AUTO] ACTIVE frame=16450 cmd=(-0.040,+0.006,+0.015) yaw=LOCAL_HOLD
[EXPERIMENTAL AUTO] ACTIVE frame=16453 cmd=(-0.045,+0.008,+0.016) yaw=LOCAL_HOLD
[EXPERIMENTAL AUTO] ACTIVE frame=16456 cmd=(-0.059,+0.013,+0.018) yaw=LOCAL_HOLD
[EXPERIMENTAL AUTO] ACTIVE frame=16459 cmd=(-0.065,+0.015,+0.020) yaw=LOCAL_HOLD
[EXPERIMENTAL AUTO] ACTIVE frame=16465 cmd=(-0.083,+0.012,+0.021) yaw=LOCAL_HOLD
[EXPERIMENTAL AUTO] ACTIVE frame=16468 cmd=(-0.108,+0.008,+0.022) yaw=LOCAL_HOLD
[EXPERIMENTAL AUTO] ACTIVE frame=16471 cmd=(-0.135,+0.002,+0.023) yaw=LOCAL_HOLD
[EXPERIMENTAL AUTO] ACTIVE frame=16474 cmd=(-0.160,-0.004,+0.026) yaw=LOCAL_HOLD
[EXPERIMENTAL AUTO] ACTIVE frame=16477 cmd=(-0.142,-0.004,+0.027) yaw=LOCAL_HOLD
[EXPERIMENTAL AUTO] ACTIVE frame=16480 cmd=(-0.132,-0.005,+0.031) yaw=LOCAL_HOLD
[EXPERIMENTAL AUTO] ACTIVE frame=16483 cmd=(-0.117,-0.004,+0.034) yaw=LOCAL_HOLD
[EXPERIMENTAL AUTO] ACTIVE frame=16489 cmd=(-0.086,-0.005,+0.037) yaw=LOCAL_HOLD
[EXPERIMENTAL AUTO] ACTIVE frame=16492 cmd=(-0.054,-0.006,+0.038) yaw=LOCAL_HOLD
[EXPERIMENTAL AUTO] ACTIVE frame=16495 cmd=(-0.054,-0.005,+0.037) yaw=LOCAL_HOLD
[EXPERIMENTAL AUTO] ACTIVE: RETURN TO FOSSEN BALANCE, WAIT VISION
[EXPERIMENTAL AUTO] ACTIVE frame=16510 cmd=(+0.017,-0.006,+0.021) yaw=LOCAL_HOLD
[EXPERIMENTAL AUTO] ACTIVE frame=16513 cmd=(+0.017,-0.007,+0.020) yaw=LOCAL_HOLD
[EXPERIMENTAL AUTO] ACTIVE frame=16516 cmd=(+0.031,-0.005,+0.014) yaw=LOCAL_HOLD
[EXPERIMENTAL AUTO] ACTIVE frame=16519 cmd=(+0.046,-0.005,+0.010) yaw=LOCAL_HOLD
[EXPERIMENTAL AUTO] ACTIVE frame=16522 cmd=(+0.057,-0.007,+0.005) yaw=LOCAL_HOLD
[EXPERIMENTAL AUTO] ACTIVE frame=16525 cmd=(+0.051,-0.006,+0.005) yaw=LOCAL_HOLD
[EXPERIMENTAL AUTO] ACTIVE frame=16528 cmd=(+0.052,-0.004,+0.002) yaw=LOCAL_HOLD
[EXPERIMENTAL AUTO] ACTIVE frame=16531 cmd=(+0.057,-0.003,-0.000) yaw=LOCAL_HOLD
[EXPERIMENTAL AUTO] ACTIVE frame=16534 cmd=(+0.080,-0.001,+0.001) yaw=LOCAL_HOLD
[EXPERIMENTAL AUTO] ACTIVE frame=16537 cmd=(+0.088,-0.000,+0.002) yaw=LOCAL_HOLD
[EXPERIMENTAL AUTO] ACTIVE frame=16540 cmd=(+0.122,+0.006,+0.007) yaw=LOCAL_HOLD
[EXPERIMENTAL AUTO] ACTIVE frame=16543 cmd=(+0.156,+0.013,+0.010) yaw=LOCAL_HOLD
[EXPERIMENTAL AUTO] ACTIVE frame=16546 cmd=(+0.182,+0.020,+0.011) yaw=LOCAL_HOLD
[EXPERIMENTAL AUTO] ACTIVE frame=16549 cmd=(+0.156,+0.021,+0.013) yaw=LOCAL_HOLD
[EXPERIMENTAL AUTO] ACTIVE frame=16552 cmd=(+0.142,+0.030,+0.018) yaw=LOCAL_HOLD
[EXPERIMENTAL AUTO] ACTIVE frame=16555 cmd=(+0.125,+0.038,+0.021) yaw=LOCAL_HOLD
[EXPERIMENTAL AUTO] ACTIVE frame=16558 cmd=(+0.105,+0.038,+0.024) yaw=LOCAL_HOLD
[EXPERIMENTAL AUTO] ACTIVE frame=16561 cmd=(+0.100,+0.029,+0.024) yaw=LOCAL_HOLD
[EXPERIMENTAL AUTO] ACTIVE frame=16564 cmd=(+0.079,+0.022,+0.026) yaw=LOCAL_HOLD
[EXPERIMENTAL AUTO] ACTIVE frame=16567 cmd=(+0.062,+0.016,+0.027) yaw=LOCAL_HOLD
[EXPERIMENTAL AUTO] ACTIVE frame=16570 cmd=(+0.037,+0.013,+0.027) yaw=LOCAL_HOLD
[EXPERIMENTAL AUTO] ACTIVE frame=16573 cmd=(+0.028,+0.013,+0.026) yaw=LOCAL_HOLD
[EXPERIMENTAL AUTO] ACTIVE frame=16576 cmd=(-0.001,+0.011,+0.026) yaw=LOCAL_HOLD
[EXPERIMENTAL AUTO] ACTIVE frame=16579 cmd=(-0.001,+0.006,+0.026) yaw=LOCAL_HOLD
[EXPERIMENTAL AUTO] ACTIVE: RETURN TO FOSSEN BALANCE, WAIT VISION
[EXPERIMENTAL AUTO] ACTIVE frame=16609 cmd=(-0.032,+0.001,+0.021) yaw=LOCAL_HOLD
[EXPERIMENTAL AUTO] ACTIVE frame=16612 cmd=(-0.063,+0.005,+0.021) yaw=LOCAL_HOLD
[EXPERIMENTAL AUTO] ACTIVE frame=16615 cmd=(-0.094,+0.009,+0.020) yaw=LOCAL_HOLD
[EXPERIMENTAL AUTO] ACTIVE frame=16618 cmd=(-0.090,+0.004,+0.020) yaw=LOCAL_HOLD
[EXPERIMENTAL AUTO] ACTIVE frame=16621 cmd=(-0.081,+0.003,+0.021) yaw=LOCAL_HOLD
[EXPERIMENTAL AUTO] ACTIVE frame=16624 cmd=(-0.072,-0.002,+0.022) yaw=LOCAL_HOLD
[EXPERIMENTAL AUTO] ACTIVE frame=16627 cmd=(-0.076,-0.007,+0.024) yaw=LOCAL_HOLD
[EXPERIMENTAL AUTO] ACTIVE frame=16630 cmd=(-0.087,-0.012,+0.027) yaw=LOCAL_HOLD
[EXPERIMENTAL AUTO] ACTIVE frame=16633 cmd=(-0.091,-0.011,+0.026) yaw=LOCAL_HOLD
[EXPERIMENTAL AUTO] ACTIVE frame=16636 cmd=(-0.109,-0.014,+0.028) yaw=LOCAL_HOLD
[EXPERIMENTAL AUTO] ACTIVE frame=16639 cmd=(-0.128,-0.014,+0.028) yaw=LOCAL_HOLD
[EXPERIMENTAL AUTO] ACTIVE frame=16642 cmd=(-0.147,-0.013,+0.027) yaw=LOCAL_HOLD
[EXPERIMENTAL AUTO] ACTIVE frame=16645 cmd=(-0.147,-0.012,+0.026) yaw=LOCAL_HOLD
[EXPERIMENTAL AUTO] ACTIVE frame=16648 cmd=(-0.167,-0.007,+0.026) yaw=LOCAL_HOLD
[EXPERIMENTAL AUTO] ACTIVE frame=16651 cmd=(-0.186,-0.001,+0.024) yaw=LOCAL_HOLD
[EXPERIMENTAL AUTO] ACTIVE frame=16654 cmd=(-0.200,+0.009,+0.020) yaw=LOCAL_HOLD
[EXPERIMENTAL AUTO] ACTIVE frame=16657 cmd=(-0.200,+0.011,+0.022) yaw=LOCAL_HOLD
[EXPERIMENTAL AUTO] ACTIVE frame=16660 cmd=(-0.200,+0.025,+0.019) yaw=LOCAL_HOLD
[EXPERIMENTAL AUTO] ACTIVE frame=16663 cmd=(-0.200,+0.040,+0.016) yaw=LOCAL_HOLD
[EXPERIMENTAL AUTO] ACTIVE frame=16666 cmd=(-0.200,+0.047,+0.012) yaw=LOCAL_HOLD
[EXPERIMENTAL AUTO] ACTIVE frame=16669 cmd=(-0.168,+0.044,+0.011) yaw=LOCAL_HOLD
[EXPERIMENTAL AUTO] ACTIVE frame=16672 cmd=(-0.137,+0.031,+0.005) yaw=LOCAL_HOLD
[EXPERIMENTAL AUTO] ACTIVE frame=16675 cmd=(-0.105,+0.021,-0.000) yaw=LOCAL_HOLD
[EXPERIMENTAL AUTO] ACTIVE frame=16678 cmd=(-0.073,+0.015,-0.006) yaw=LOCAL_HOLD
[EXPERIMENTAL AUTO] ACTIVE frame=16681 cmd=(-0.073,+0.024,-0.006) yaw=LOCAL_HOLD
[EXPERIMENTAL AUTO] ACTIVE frame=16684 cmd=(-0.042,+0.031,-0.011) yaw=LOCAL_HOLD
[EXPERIMENTAL AUTO] ACTIVE frame=16687 cmd=(-0.008,+0.044,-0.018) yaw=LOCAL_HOLD
[EXPERIMENTAL AUTO] ACTIVE frame=16690 cmd=(+0.025,+0.058,-0.026) yaw=LOCAL_HOLD
[EXPERIMENTAL AUTO] ACTIVE frame=16693 cmd=(+0.025,+0.044,-0.027) yaw=LOCAL_HOLD
[EXPERIMENTAL AUTO] ACTIVE frame=16696 cmd=(+0.061,+0.031,-0.020) yaw=LOCAL_HOLD
[EXPERIMENTAL AUTO] ACTIVE frame=16699 cmd=(+0.095,+0.017,-0.007) yaw=LOCAL_HOLD
[EXPERIMENTAL AUTO] ACTIVE frame=16702 cmd=(+0.129,+0.013,+0.004) yaw=LOCAL_HOLD
[EXPERIMENTAL AUTO] ACTIVE frame=16705 cmd=(+0.129,+0.011,+0.006) yaw=LOCAL_HOLD
[EXPERIMENTAL AUTO] ACTIVE frame=16708 cmd=(+0.163,+0.007,+0.014) yaw=LOCAL_HOLD
[EXPERIMENTAL AUTO] ACTIVE frame=16711 cmd=(+0.196,+0.005,+0.022) yaw=LOCAL_HOLD
[EXPERIMENTAL AUTO] ACTIVE frame=16717 cmd=(+0.200,+0.001,+0.026) yaw=LOCAL_HOLD
[EXPERIMENTAL AUTO] ACTIVE frame=16720 cmd=(+0.200,-0.002,+0.028) yaw=LOCAL_HOLD
[EXPERIMENTAL AUTO] ACTIVE frame=16723 cmd=(+0.200,-0.002,+0.030) yaw=LOCAL_HOLD
[EXPERIMENTAL AUTO] ACTIVE frame=16729 cmd=(+0.200,-0.003,+0.030) yaw=LOCAL_HOLD
[EXPERIMENTAL AUTO] ACTIVE frame=16732 cmd=(+0.200,-0.005,+0.029) yaw=LOCAL_HOLD
[EXPERIMENTAL AUTO] ACTIVE frame=16735 cmd=(+0.200,-0.006,+0.028) yaw=LOCAL_HOLD
[EXPERIMENTAL AUTO] ACTIVE: RETURN TO FOSSEN BALANCE, WAIT VISION
[EXPERIMENTAL AUTO] ACTIVE frame=16741 cmd=(+0.200,+0.001,+0.027) yaw=LOCAL_HOLD
[EXPERIMENTAL AUTO] ACTIVE frame=16744 cmd=(+0.132,+0.015,+0.020) yaw=LOCAL_HOLD
[EXPERIMENTAL AUTO] ACTIVE frame=16747 cmd=(+0.099,+0.047,-0.000) yaw=LOCAL_HOLD
[EXPERIMENTAL AUTO] ACTIVE: RETURN TO FOSSEN BALANCE, WAIT VISION
[EXPERIMENTAL AUTO] ACTIVE frame=16753 cmd=(+0.093,+0.049,-0.003) yaw=LOCAL_HOLD
[EXPERIMENTAL AUTO] ACTIVE frame=16756 cmd=(+0.127,+0.026,-0.006) yaw=LOCAL_HOLD
[EXPERIMENTAL AUTO] ACTIVE frame=16759 cmd=(+0.160,+0.002,-0.010) yaw=LOCAL_HOLD
[EXPERIMENTAL AUTO] ACTIVE: RETURN TO FOSSEN BALANCE, WAIT VISION
[EXPERIMENTAL AUTO] ACTIVE frame=16765 cmd=(+0.132,+0.007,-0.011) yaw=LOCAL_HOLD
[EXPERIMENTAL AUTO] ACTIVE frame=16768 cmd=(+0.093,+0.011,+0.017) yaw=LOCAL_HOLD
[EXPERIMENTAL AUTO] ACTIVE frame=16771 cmd=(+0.059,+0.019,+0.018) yaw=LOCAL_HOLD
[EXPERIMENTAL AUTO] ACTIVE frame=16774 cmd=(+0.068,+0.006,+0.019) yaw=LOCAL_HOLD
[EXPERIMENTAL AUTO] ACTIVE frame=16777 cmd=(+0.093,-0.006,+0.022) yaw=LOCAL_HOLD
[EXPERIMENTAL AUTO] ACTIVE frame=16780 cmd=(+0.127,-0.031,+0.025) yaw=LOCAL_HOLD
[EXPERIMENTAL AUTO] ACTIVE frame=16783 cmd=(+0.160,-0.051,+0.028) yaw=LOCAL_HOLD
[EXPERIMENTAL AUTO] ACTIVE: RETURN TO FOSSEN BALANCE, WAIT VISION
[EXPERIMENTAL AUTO] ACTIVE frame=16798 cmd=(-0.008,+0.000,+0.028) yaw=LOCAL_HOLD
[EXPERIMENTAL AUTO] ACTIVE frame=16801 cmd=(-0.008,-0.003,+0.030) yaw=LOCAL_HOLD
[EXPERIMENTAL AUTO] ACTIVE frame=16804 cmd=(-0.035,-0.020,+0.043) yaw=LOCAL_HOLD
[EXPERIMENTAL AUTO] ACTIVE frame=16807 cmd=(-0.063,-0.005,+0.051) yaw=LOCAL_HOLD
[EXPERIMENTAL AUTO] ACTIVE frame=16810 cmd=(-0.094,+0.024,+0.058) yaw=LOCAL_HOLD
[EXPERIMENTAL AUTO] ACTIVE frame=16813 cmd=(-0.094,+0.027,+0.051) yaw=LOCAL_HOLD
[EXPERIMENTAL AUTO] ACTIVE frame=16816 cmd=(-0.126,+0.059,+0.056) yaw=LOCAL_HOLD
[EXPERIMENTAL AUTO] ACTIVE frame=16819 cmd=(-0.158,+0.082,+0.063) yaw=LOCAL_HOLD
[EXPERIMENTAL AUTO] ACTIVE frame=16825 cmd=(-0.189,+0.074,+0.073) yaw=LOCAL_HOLD
[EXPERIMENTAL AUTO] ACTIVE frame=16828 cmd=(-0.200,+0.042,+0.082) yaw=LOCAL_HOLD
[EXPERIMENTAL AUTO] ACTIVE frame=16831 cmd=(-0.200,+0.010,+0.077) yaw=LOCAL_HOLD
[EXPERIMENTAL AUTO] ACTIVE frame=16837 cmd=(-0.200,-0.005,+0.062) yaw=LOCAL_HOLD
[EXPERIMENTAL AUTO] ACTIVE frame=16840 cmd=(-0.200,-0.017,+0.046) yaw=LOCAL_HOLD
[EXPERIMENTAL AUTO] ACTIVE frame=16843 cmd=(-0.200,-0.026,+0.033) yaw=LOCAL_HOLD
[EXPERIMENTAL AUTO] ACTIVE frame=16849 cmd=(-0.198,-0.041,+0.023) yaw=LOCAL_HOLD
[EXPERIMENTAL AUTO] ACTIVE frame=16852 cmd=(-0.189,-0.048,+0.014) yaw=LOCAL_HOLD
[EXPERIMENTAL AUTO] ACTIVE frame=16855 cmd=(-0.177,-0.071,+0.009) yaw=LOCAL_HOLD
[EXPERIMENTAL AUTO] ACTIVE frame=16861 cmd=(-0.154,-0.102,+0.007) yaw=LOCAL_HOLD
[EXPERIMENTAL AUTO] ACTIVE frame=16864 cmd=(-0.127,-0.129,+0.005) yaw=LOCAL_HOLD
[EXPERIMENTAL AUTO] ACTIVE frame=16867 cmd=(-0.105,-0.107,+0.005) yaw=LOCAL_HOLD
[EXPERIMENTAL AUTO] ACTIVE frame=16870 cmd=(-0.079,-0.072,+0.008) yaw=LOCAL_HOLD
[EXPERIMENTAL AUTO] ACTIVE frame=16873 cmd=(-0.076,-0.072,+0.008) yaw=LOCAL_HOLD
[EXPERIMENTAL AUTO] ACTIVE frame=16876 cmd=(-0.056,-0.050,+0.010) yaw=LOCAL_HOLD
[EXPERIMENTAL AUTO] ACTIVE frame=16879 cmd=(-0.048,-0.029,+0.010) yaw=LOCAL_HOLD
[EXPERIMENTAL AUTO] ACTIVE frame=16882 cmd=(-0.080,+0.004,+0.012) yaw=LOCAL_HOLD
[EXPERIMENTAL AUTO] ACTIVE frame=16885 cmd=(-0.080,+0.004,+0.014) yaw=LOCAL_HOLD
[EXPERIMENTAL AUTO] ACTIVE frame=16888 cmd=(-0.112,+0.027,+0.018) yaw=LOCAL_HOLD
[EXPERIMENTAL AUTO] ACTIVE frame=16891 cmd=(-0.143,+0.050,+0.022) yaw=LOCAL_HOLD
[EXPERIMENTAL AUTO] ACTIVE frame=16894 cmd=(-0.175,+0.064,+0.028) yaw=LOCAL_HOLD
[EXPERIMENTAL AUTO] ACTIVE frame=16897 cmd=(-0.141,+0.069,+0.031) yaw=LOCAL_HOLD
[EXPERIMENTAL AUTO] ACTIVE frame=16900 cmd=(-0.116,+0.101,+0.039) yaw=LOCAL_HOLD
[EXPERIMENTAL AUTO] ACTIVE frame=16903 cmd=(-0.084,+0.133,+0.046) yaw=LOCAL_HOLD
[EXPERIMENTAL AUTO] ACTIVE frame=16906 cmd=(-0.055,+0.165,+0.050) yaw=LOCAL_HOLD
[EXPERIMENTAL AUTO] ACTIVE frame=16909 cmd=(-0.055,+0.165,+0.051) yaw=LOCAL_HOLD
[EXPERIMENTAL AUTO] ACTIVE frame=16912 cmd=(-0.036,+0.197,+0.061) yaw=LOCAL_HOLD
[EXPERIMENTAL AUTO] ACTIVE frame=16915 cmd=(-0.033,+0.183,+0.066) yaw=LOCAL_HOLD
[EXPERIMENTAL AUTO] ACTIVE: RETURN TO FOSSEN BALANCE, WAIT VISION
[EXPERIMENTAL AUTO] ACTIVE frame=16930 cmd=(-0.018,+0.067,+0.032) yaw=LOCAL_HOLD
[EXPERIMENTAL AUTO] ACTIVE frame=16933 cmd=(-0.019,+0.050,+0.031) yaw=LOCAL_HOLD
[EXPERIMENTAL AUTO] ACTIVE frame=16936 cmd=(-0.037,+0.024,+0.035) yaw=LOCAL_HOLD
[EXPERIMENTAL AUTO] ACTIVE frame=16939 cmd=(-0.053,-0.001,+0.038) yaw=LOCAL_HOLD
[EXPERIMENTAL AUTO] ACTIVE frame=16945 cmd=(-0.067,-0.022,+0.040) yaw=LOCAL_HOLD
[EXPERIMENTAL AUTO] ACTIVE frame=16948 cmd=(-0.072,-0.034,+0.042) yaw=LOCAL_HOLD
[EXPERIMENTAL AUTO] ACTIVE frame=16951 cmd=(-0.071,-0.038,+0.044) yaw=LOCAL_HOLD
[EXPERIMENTAL AUTO] ACTIVE frame=16957 cmd=(-0.066,-0.038,+0.040) yaw=LOCAL_HOLD
[EXPERIMENTAL AUTO] ACTIVE frame=16960 cmd=(-0.059,-0.035,+0.035) yaw=LOCAL_HOLD
[EXPERIMENTAL AUTO] ACTIVE frame=16963 cmd=(-0.054,-0.030,+0.030) yaw=LOCAL_HOLD
[EXPERIMENTAL AUTO] ACTIVE frame=16969 cmd=(-0.047,-0.025,+0.027) yaw=LOCAL_HOLD
[EXPERIMENTAL AUTO] ACTIVE frame=16972 cmd=(-0.040,-0.020,+0.024) yaw=LOCAL_HOLD
[EXPERIMENTAL AUTO] ACTIVE frame=16975 cmd=(-0.034,-0.015,+0.021) yaw=LOCAL_HOLD
[EXPERIMENTAL AUTO] ACTIVE frame=16981 cmd=(-0.039,-0.010,+0.019) yaw=LOCAL_HOLD
[EXPERIMENTAL AUTO] ACTIVE frame=16984 cmd=(-0.049,-0.007,+0.015) yaw=LOCAL_HOLD
[EXPERIMENTAL AUTO] ACTIVE frame=16987 cmd=(-0.061,-0.007,+0.013) yaw=LOCAL_HOLD
[EXPERIMENTAL AUTO] ACTIVE frame=16990 cmd=(-0.075,-0.001,+0.011) yaw=LOCAL_HOLD
[EXPERIMENTAL AUTO] ACTIVE frame=16993 cmd=(-0.076,+0.000,+0.010) yaw=LOCAL_HOLD
[EXPERIMENTAL AUTO] ACTIVE frame=16996 cmd=(-0.091,+0.008,+0.008) yaw=LOCAL_HOLD
[EXPERIMENTAL AUTO] ACTIVE frame=16999 cmd=(-0.106,+0.014,+0.007) yaw=LOCAL_HOLD
[EXPERIMENTAL AUTO] ACTIVE frame=17002 cmd=(-0.122,+0.018,+0.007) yaw=LOCAL_HOLD
[EXPERIMENTAL AUTO] ACTIVE frame=17005 cmd=(-0.123,+0.020,+0.007) yaw=LOCAL_HOLD
[EXPERIMENTAL AUTO] ACTIVE frame=17008 cmd=(-0.141,+0.021,+0.007) yaw=LOCAL_HOLD
[EXPERIMENTAL AUTO] ACTIVE frame=17011 cmd=(-0.159,+0.021,+0.008) yaw=LOCAL_HOLD
[EXPERIMENTAL AUTO] ACTIVE frame=17014 cmd=(-0.174,+0.018,+0.009) yaw=LOCAL_HOLD
[EXPERIMENTAL AUTO] ACTIVE frame=17017 cmd=(-0.165,+0.018,+0.010) yaw=LOCAL_HOLD
[EXPERIMENTAL AUTO] ACTIVE frame=17020 cmd=(-0.159,+0.017,+0.013) yaw=LOCAL_HOLD
[EXPERIMENTAL AUTO] ACTIVE frame=17023 cmd=(-0.149,+0.021,+0.014) yaw=LOCAL_HOLD
[EXPERIMENTAL AUTO] ACTIVE frame=17026 cmd=(-0.129,+0.024,+0.017) yaw=LOCAL_HOLD
[EXPERIMENTAL AUTO] ACTIVE frame=17029 cmd=(-0.119,+0.028,+0.017) yaw=LOCAL_HOLD
[EXPERIMENTAL AUTO] ACTIVE frame=17032 cmd=(-0.092,+0.036,+0.019) yaw=LOCAL_HOLD
[EXPERIMENTAL AUTO] ACTIVE frame=17035 cmd=(-0.073,+0.046,+0.021) yaw=LOCAL_HOLD
[EXPERIMENTAL AUTO] ACTIVE frame=17038 cmd=(-0.056,+0.057,+0.022) yaw=LOCAL_HOLD
[EXPERIMENTAL AUTO] ACTIVE frame=17041 cmd=(-0.051,+0.058,+0.023) yaw=LOCAL_HOLD
[EXPERIMENTAL AUTO] ACTIVE frame=17044 cmd=(-0.035,+0.064,+0.024) yaw=LOCAL_HOLD
[EXPERIMENTAL AUTO] ACTIVE frame=17047 cmd=(-0.043,+0.039,+0.024) yaw=LOCAL_HOLD
[EXPERIMENTAL AUTO] ACTIVE frame=17050 cmd=(-0.030,+0.022,+0.024) yaw=LOCAL_HOLD
[EXPERIMENTAL AUTO] ACTIVE frame=17053 cmd=(-0.027,+0.015,+0.024) yaw=LOCAL_HOLD
[EXPERIMENTAL AUTO] ACTIVE frame=17056 cmd=(-0.011,+0.004,+0.022) yaw=LOCAL_HOLD
[EXPERIMENTAL AUTO] ACTIVE frame=17059 cmd=(+0.002,-0.002,+0.019) yaw=LOCAL_HOLD
[EXPERIMENTAL AUTO] ACTIVE frame=17062 cmd=(+0.007,-0.011,+0.016) yaw=LOCAL_HOLD
[EXPERIMENTAL AUTO] ACTIVE frame=17065 cmd=(+0.004,-0.012,+0.014) yaw=LOCAL_HOLD
[EXPERIMENTAL AUTO] ACTIVE frame=17068 cmd=(+0.004,-0.020,+0.011) yaw=LOCAL_HOLD
[EXPERIMENTAL AUTO] ACTIVE frame=17071 cmd=(+0.006,-0.006,+0.005) yaw=LOCAL_HOLD
[EXPERIMENTAL AUTO] ACTIVE frame=17077 cmd=(-0.002,-0.003,+0.001) yaw=LOCAL_HOLD
[EXPERIMENTAL AUTO] ACTIVE frame=17080 cmd=(-0.010,+0.005,-0.004) yaw=LOCAL_HOLD
[EXPERIMENTAL AUTO] ACTIVE frame=17083 cmd=(-0.020,+0.011,-0.015) yaw=LOCAL_HOLD
[EXPERIMENTAL AUTO] ACTIVE frame=17086 cmd=(-0.035,+0.023,-0.029) yaw=LOCAL_HOLD
[EXPERIMENTAL AUTO] ACTIVE frame=17089 cmd=(-0.037,+0.023,-0.033) yaw=LOCAL_HOLD
[EXPERIMENTAL AUTO] ACTIVE frame=17092 cmd=(-0.053,+0.024,-0.051) yaw=LOCAL_HOLD
[EXPERIMENTAL AUTO] ACTIVE frame=17095 cmd=(-0.071,+0.024,-0.068) yaw=LOCAL_HOLD
[EXPERIMENTAL AUTO] ACTIVE frame=17098 cmd=(-0.090,+0.028,-0.068) yaw=LOCAL_HOLD
[EXPERIMENTAL AUTO] ACTIVE frame=17101 cmd=(-0.091,+0.026,-0.049) yaw=LOCAL_HOLD
[EXPERIMENTAL AUTO] ACTIVE frame=17104 cmd=(-0.110,+0.024,-0.031) yaw=LOCAL_HOLD
[EXPERIMENTAL AUTO] ACTIVE frame=17107 cmd=(-0.121,+0.032,-0.016) yaw=LOCAL_HOLD
[EXPERIMENTAL AUTO] ACTIVE frame=17110 cmd=(-0.114,+0.041,-0.007) yaw=LOCAL_HOLD
[EXPERIMENTAL AUTO] ACTIVE frame=17113 cmd=(-0.107,+0.049,-0.004) yaw=LOCAL_HOLD
[EXPERIMENTAL AUTO] ACTIVE frame=17116 cmd=(-0.093,+0.070,+0.005) yaw=LOCAL_HOLD
[EXPERIMENTAL AUTO] ACTIVE frame=17119 cmd=(-0.079,+0.095,+0.010) yaw=LOCAL_HOLD
[EXPERIMENTAL AUTO] ACTIVE frame=17122 cmd=(-0.083,+0.113,+0.012) yaw=LOCAL_HOLD
[EXPERIMENTAL AUTO] ACTIVE frame=17125 cmd=(-0.093,+0.120,+0.008) yaw=LOCAL_HOLD
[EXPERIMENTAL AUTO] ACTIVE frame=17128 cmd=(-0.112,+0.137,+0.005) yaw=LOCAL_HOLD
[EXPERIMENTAL AUTO] ACTIVE frame=17131 cmd=(-0.132,+0.105,+0.001) yaw=LOCAL_HOLD
[EXPERIMENTAL AUTO] ACTIVE frame=17134 cmd=(-0.156,+0.073,-0.004) yaw=LOCAL_HOLD
[EXPERIMENTAL AUTO] ACTIVE frame=17137 cmd=(-0.159,+0.073,-0.006) yaw=LOCAL_HOLD
[EXPERIMENTAL AUTO] ACTIVE frame=17140 cmd=(-0.183,+0.041,-0.015) yaw=LOCAL_HOLD
[EXPERIMENTAL AUTO] ACTIVE frame=17143 cmd=(-0.198,+0.009,-0.026) yaw=LOCAL_HOLD
[EXPERIMENTAL AUTO] ACTIVE frame=17146 cmd=(-0.200,-0.024,-0.037) yaw=LOCAL_HOLD
[EXPERIMENTAL AUTO] ACTIVE frame=17149 cmd=(-0.193,-0.024,-0.038) yaw=LOCAL_HOLD
[EXPERIMENTAL AUTO] ACTIVE frame=17152 cmd=(-0.171,-0.039,-0.050) yaw=LOCAL_HOLD
[EXPERIMENTAL AUTO] ACTIVE frame=17155 cmd=(-0.146,-0.039,-0.046) yaw=LOCAL_HOLD
[EXPERIMENTAL AUTO] ACTIVE frame=17158 cmd=(-0.115,-0.036,-0.026) yaw=LOCAL_HOLD
[EXPERIMENTAL AUTO] ACTIVE frame=17161 cmd=(-0.115,-0.031,-0.020) yaw=LOCAL_HOLD
[EXPERIMENTAL AUTO] ACTIVE frame=17164 cmd=(-0.083,-0.026,+0.002) yaw=LOCAL_HOLD
[EXPERIMENTAL AUTO] ACTIVE frame=17167 cmd=(-0.051,-0.019,+0.018) yaw=LOCAL_HOLD
[EXPERIMENTAL AUTO] ACTIVE frame=17170 cmd=(-0.020,-0.014,+0.029) yaw=LOCAL_HOLD
[EXPERIMENTAL AUTO] ACTIVE frame=17173 cmd=(-0.020,-0.012,+0.032) yaw=LOCAL_HOLD
[EXPERIMENTAL AUTO] ACTIVE frame=17176 cmd=(+0.013,-0.004,+0.038) yaw=LOCAL_HOLD
[EXPERIMENTAL AUTO] ACTIVE frame=17179 cmd=(+0.042,+0.004,+0.039) yaw=LOCAL_HOLD
[EXPERIMENTAL AUTO] ACTIVE frame=17182 cmd=(+0.071,-0.008,+0.036) yaw=LOCAL_HOLD
[EXPERIMENTAL AUTO] ACTIVE frame=17185 cmd=(+0.072,-0.001,+0.031) yaw=LOCAL_HOLD
[EXPERIMENTAL AUTO] ACTIVE frame=17188 cmd=(+0.088,-0.009,+0.023) yaw=LOCAL_HOLD
[EXPERIMENTAL AUTO] ACTIVE frame=17191 cmd=(+0.092,-0.015,+0.014) yaw=LOCAL_HOLD
[EXPERIMENTAL AUTO] ACTIVE: RETURN TO FOSSEN BALANCE, WAIT VISION
[EXPERIMENTAL AUTO] ACTIVE frame=17221 cmd=(+0.033,-0.010,+0.005) yaw=LOCAL_HOLD
[EXPERIMENTAL AUTO] ACTIVE frame=17224 cmd=(+0.062,-0.024,-0.009) yaw=LOCAL_HOLD
[EXPERIMENTAL AUTO] ACTIVE frame=17227 cmd=(+0.088,-0.031,-0.024) yaw=LOCAL_HOLD
[EXPERIMENTAL AUTO] ACTIVE frame=17230 cmd=(+0.077,-0.022,-0.041) yaw=LOCAL_HOLD
[EXPERIMENTAL AUTO] ACTIVE frame=17233 cmd=(+0.068,-0.019,-0.043) yaw=LOCAL_HOLD
[EXPERIMENTAL AUTO] ACTIVE frame=17236 cmd=(+0.053,-0.003,-0.065) yaw=LOCAL_HOLD
[EXPERIMENTAL AUTO] ACTIVE frame=17239 cmd=(+0.049,+0.009,-0.088) yaw=LOCAL_HOLD
[EXPERIMENTAL AUTO] ACTIVE frame=17242 cmd=(+0.051,+0.019,-0.108) yaw=LOCAL_HOLD
[EXPERIMENTAL AUTO] ACTIVE frame=17245 cmd=(+0.055,+0.019,-0.088) yaw=LOCAL_HOLD
[EXPERIMENTAL AUTO] ACTIVE frame=17248 cmd=(+0.063,+0.028,-0.064) yaw=LOCAL_HOLD
[EXPERIMENTAL AUTO] ACTIVE frame=17251 cmd=(+0.073,+0.034,-0.041) yaw=LOCAL_HOLD
[EXPERIMENTAL AUTO] ACTIVE frame=17254 cmd=(+0.093,+0.036,-0.024) yaw=LOCAL_HOLD
[EXPERIMENTAL AUTO] ACTIVE frame=17257 cmd=(+0.100,+0.024,-0.020) yaw=LOCAL_HOLD
[EXPERIMENTAL AUTO] ACTIVE frame=17260 cmd=(+0.130,+0.013,-0.004) yaw=LOCAL_HOLD
[EXPERIMENTAL AUTO] ACTIVE frame=17263 cmd=(+0.161,+0.007,+0.008) yaw=LOCAL_HOLD
[EXPERIMENTAL AUTO] ACTIVE frame=17266 cmd=(+0.189,+0.002,+0.013) yaw=LOCAL_HOLD
[EXPERIMENTAL AUTO] ACTIVE frame=17269 cmd=(+0.189,+0.000,+0.013) yaw=LOCAL_HOLD
[EXPERIMENTAL AUTO] ACTIVE frame=17272 cmd=(+0.200,-0.002,+0.016) yaw=LOCAL_HOLD
[EXPERIMENTAL AUTO] ACTIVE frame=17275 cmd=(+0.200,-0.005,+0.016) yaw=LOCAL_HOLD
[EXPERIMENTAL AUTO] ACTIVE frame=17278 cmd=(+0.200,-0.004,+0.011) yaw=LOCAL_HOLD
[EXPERIMENTAL AUTO] ACTIVE frame=17281 cmd=(+0.180,-0.003,+0.009) yaw=LOCAL_HOLD
[EXPERIMENTAL AUTO] ACTIVE frame=17284 cmd=(+0.152,-0.002,+0.002) yaw=LOCAL_HOLD
[EXPERIMENTAL AUTO] ACTIVE frame=17287 cmd=(+0.125,+0.000,-0.005) yaw=LOCAL_HOLD
[EXPERIMENTAL AUTO] ACTIVE frame=17290 cmd=(+0.092,+0.004,-0.016) yaw=LOCAL_HOLD
[EXPERIMENTAL AUTO] ACTIVE frame=17293 cmd=(+0.092,+0.002,-0.017) yaw=LOCAL_HOLD
[EXPERIMENTAL AUTO] ACTIVE frame=17296 cmd=(+0.058,+0.001,-0.030) yaw=LOCAL_HOLD
[EXPERIMENTAL AUTO] ACTIVE frame=17299 cmd=(+0.024,-0.000,-0.045) yaw=LOCAL_HOLD
[EXPERIMENTAL AUTO] ACTIVE frame=17302 cmd=(-0.009,+0.005,-0.061) yaw=LOCAL_HOLD
[EXPERIMENTAL AUTO] ACTIVE frame=17305 cmd=(-0.009,+0.005,-0.061) yaw=LOCAL_HOLD
[EXPERIMENTAL AUTO] ACTIVE frame=17308 cmd=(-0.036,-0.018,-0.059) yaw=LOCAL_HOLD
[EXPERIMENTAL AUTO] ACTIVE frame=17311 cmd=(-0.068,-0.010,-0.039) yaw=LOCAL_HOLD
[EXPERIMENTAL AUTO] ACTIVE frame=17317 cmd=(-0.100,-0.029,-0.020) yaw=LOCAL_HOLD
[EXPERIMENTAL AUTO] ACTIVE frame=17320 cmd=(-0.131,-0.015,-0.002) yaw=LOCAL_HOLD
[EXPERIMENTAL AUTO] ACTIVE frame=17323 cmd=(-0.163,-0.017,+0.011) yaw=LOCAL_HOLD
[EXPERIMENTAL AUTO] ACTIVE frame=17329 cmd=(-0.195,-0.024,+0.021) yaw=LOCAL_HOLD
[EXPERIMENTAL AUTO] ACTIVE frame=17332 cmd=(-0.200,-0.031,+0.028) yaw=LOCAL_HOLD
[EXPERIMENTAL AUTO] ACTIVE frame=17335 cmd=(-0.200,-0.029,+0.029) yaw=LOCAL_HOLD
[EXPERIMENTAL AUTO] ACTIVE frame=17341 cmd=(-0.200,-0.028,+0.035) yaw=LOCAL_HOLD
[EXPERIMENTAL AUTO] ACTIVE frame=17344 cmd=(-0.200,-0.019,+0.038) yaw=LOCAL_HOLD
[EXPERIMENTAL AUTO] ACTIVE frame=17347 cmd=(-0.194,-0.012,+0.037) yaw=LOCAL_HOLD
[EXPERIMENTAL AUTO] ACTIVE frame=17350 cmd=(-0.173,-0.001,+0.039) yaw=LOCAL_HOLD
[EXPERIMENTAL AUTO] ACTIVE frame=17353 cmd=(-0.163,+0.002,+0.038) yaw=LOCAL_HOLD
[EXPERIMENTAL AUTO] ACTIVE frame=17356 cmd=(-0.133,+0.012,+0.039) yaw=LOCAL_HOLD
[EXPERIMENTAL AUTO] ACTIVE frame=17359 cmd=(-0.131,+0.016,+0.038) yaw=LOCAL_HOLD
[EXPERIMENTAL AUTO] ACTIVE frame=17362 cmd=(-0.099,+0.020,+0.037) yaw=LOCAL_HOLD
[EXPERIMENTAL AUTO] ACTIVE frame=17365 cmd=(-0.099,+0.022,+0.036) yaw=LOCAL_HOLD
[EXPERIMENTAL AUTO] ACTIVE frame=17368 cmd=(-0.099,+0.023,+0.036) yaw=LOCAL_HOLD
[EXPERIMENTAL AUTO] ACTIVE frame=17371 cmd=(-0.067,+0.028,+0.033) yaw=LOCAL_HOLD
[EXPERIMENTAL AUTO] ACTIVE frame=17374 cmd=(-0.036,+0.028,+0.031) yaw=LOCAL_HOLD
[EXPERIMENTAL AUTO] ACTIVE frame=17377 cmd=(-0.036,+0.034,+0.030) yaw=LOCAL_HOLD
[EXPERIMENTAL AUTO] ACTIVE frame=17380 cmd=(-0.003,+0.044,+0.026) yaw=LOCAL_HOLD
[EXPERIMENTAL AUTO] ACTIVE frame=17383 cmd=(+0.030,+0.058,+0.021) yaw=LOCAL_HOLD
[EXPERIMENTAL AUTO] ACTIVE frame=17386 cmd=(+0.030,+0.064,+0.020) yaw=LOCAL_HOLD
[EXPERIMENTAL AUTO] ACTIVE frame=17389 cmd=(+0.064,+0.078,+0.015) yaw=LOCAL_HOLD
[EXPERIMENTAL AUTO] ACTIVE frame=17392 cmd=(+0.099,+0.064,+0.007) yaw=LOCAL_HOLD
[EXPERIMENTAL AUTO] ACTIVE frame=17395 cmd=(+0.133,+0.036,-0.001) yaw=LOCAL_HOLD
[EXPERIMENTAL AUTO] ACTIVE frame=17398 cmd=(+0.133,+0.032,-0.002) yaw=LOCAL_HOLD
[EXPERIMENTAL AUTO] ACTIVE frame=17401 cmd=(+0.155,+0.015,-0.015) yaw=LOCAL_HOLD
[EXPERIMENTAL AUTO] ACTIVE frame=17404 cmd=(+0.166,+0.004,-0.035) yaw=LOCAL_HOLD
[EXPERIMENTAL AUTO] ACTIVE frame=17407 cmd=(+0.167,-0.008,-0.057) yaw=LOCAL_HOLD
[EXPERIMENTAL AUTO] ACTIVE frame=17413 cmd=(+0.159,-0.021,-0.084) yaw=LOCAL_HOLD
[EXPERIMENTAL AUTO] ACTIVE frame=17416 cmd=(+0.146,-0.030,-0.113) yaw=LOCAL_HOLD
[EXPERIMENTAL AUTO] ACTIVE frame=17419 cmd=(+0.131,-0.035,-0.143) yaw=LOCAL_HOLD
[EXPERIMENTAL AUTO] ACTIVE frame=17425 cmd=(+0.103,-0.042,-0.147) yaw=LOCAL_HOLD
[EXPERIMENTAL AUTO] ACTIVE frame=17428 cmd=(+0.071,-0.059,-0.118) yaw=LOCAL_HOLD
[EXPERIMENTAL AUTO] ACTIVE frame=17431 cmd=(+0.069,-0.046,-0.118) yaw=LOCAL_HOLD
[EXPERIMENTAL AUTO] ACTIVE frame=17434 cmd=(+0.035,-0.037,-0.089) yaw=LOCAL_HOLD
[EXPERIMENTAL AUTO] ACTIVE frame=17437 cmd=(+0.002,-0.030,-0.060) yaw=LOCAL_HOLD
[EXPERIMENTAL AUTO] ACTIVE frame=17440 cmd=(-0.028,-0.031,-0.031) yaw=LOCAL_HOLD
[EXPERIMENTAL AUTO] ACTIVE frame=17443 cmd=(-0.049,-0.023,-0.003) yaw=LOCAL_HOLD
[EXPERIMENTAL AUTO] ACTIVE frame=17446 cmd=(-0.076,-0.023,+0.026) yaw=LOCAL_HOLD
[EXPERIMENTAL AUTO] ACTIVE frame=17449 cmd=(-0.108,-0.016,+0.043) yaw=LOCAL_HOLD
[EXPERIMENTAL AUTO] ACTIVE frame=17452 cmd=(-0.139,-0.011,+0.053) yaw=LOCAL_HOLD
[EXPERIMENTAL AUTO] ACTIVE frame=17455 cmd=(-0.171,-0.015,+0.058) yaw=LOCAL_HOLD
[EXPERIMENTAL AUTO] ACTIVE frame=17458 cmd=(-0.195,-0.017,+0.058) yaw=LOCAL_HOLD
[EXPERIMENTAL AUTO] ACTIVE frame=17461 cmd=(-0.200,-0.016,+0.056) yaw=LOCAL_HOLD
[EXPERIMENTAL AUTO] ACTIVE frame=17464 cmd=(-0.200,-0.016,+0.054) yaw=LOCAL_HOLD
[EXPERIMENTAL AUTO] ACTIVE frame=17467 cmd=(-0.200,-0.018,+0.051) yaw=LOCAL_HOLD
[EXPERIMENTAL AUTO] ACTIVE frame=17470 cmd=(-0.200,-0.022,+0.047) yaw=LOCAL_HOLD
[EXPERIMENTAL AUTO] ACTIVE frame=17473 cmd=(-0.190,-0.020,+0.046) yaw=LOCAL_HOLD
[EXPERIMENTAL AUTO] ACTIVE frame=17476 cmd=(-0.172,-0.017,+0.043) yaw=LOCAL_HOLD
[EXPERIMENTAL AUTO] ACTIVE frame=17479 cmd=(-0.151,-0.011,+0.041) yaw=LOCAL_HOLD
[EXPERIMENTAL AUTO] ACTIVE frame=17482 cmd=(-0.120,-0.002,+0.040) yaw=LOCAL_HOLD
[EXPERIMENTAL AUTO] ACTIVE frame=17485 cmd=(-0.089,+0.005,+0.040) yaw=LOCAL_HOLD
[EXPERIMENTAL AUTO] ACTIVE frame=17488 cmd=(-0.060,+0.014,+0.040) yaw=LOCAL_HOLD
[EXPERIMENTAL AUTO] ACTIVE frame=17491 cmd=(-0.037,+0.023,+0.039) yaw=LOCAL_HOLD
[EXPERIMENTAL AUTO] ACTIVE frame=17494 cmd=(-0.007,+0.030,+0.041) yaw=LOCAL_HOLD
[EXPERIMENTAL AUTO] ACTIVE frame=17497 cmd=(+0.023,+0.036,+0.045) yaw=LOCAL_HOLD
[EXPERIMENTAL AUTO] ACTIVE frame=17500 cmd=(+0.048,+0.039,+0.049) yaw=LOCAL_HOLD
[EXPERIMENTAL AUTO] ACTIVE frame=17503 cmd=(+0.060,+0.051,+0.052) yaw=LOCAL_HOLD
[EXPERIMENTAL AUTO] ACTIVE frame=17509 cmd=(+0.087,+0.065,+0.047) yaw=LOCAL_HOLD
[EXPERIMENTAL AUTO] ACTIVE frame=17512 cmd=(+0.089,+0.068,+0.042) yaw=LOCAL_HOLD
[EXPERIMENTAL AUTO] ACTIVE frame=17515 cmd=(+0.123,+0.081,+0.035) yaw=LOCAL_HOLD
[EXPERIMENTAL AUTO] ACTIVE frame=17518 cmd=(+0.157,+0.067,+0.029) yaw=LOCAL_HOLD
[EXPERIMENTAL AUTO] ACTIVE frame=17521 cmd=(+0.157,+0.048,+0.027) yaw=LOCAL_HOLD
[EXPERIMENTAL AUTO] ACTIVE frame=17524 cmd=(+0.178,+0.027,+0.021) yaw=LOCAL_HOLD
[EXPERIMENTAL AUTO] ACTIVE frame=17527 cmd=(+0.177,+0.013,+0.015) yaw=LOCAL_HOLD
[EXPERIMENTAL AUTO] ACTIVE frame=17530 cmd=(+0.167,+0.000,+0.010) yaw=LOCAL_HOLD
[EXPERIMENTAL AUTO] ACTIVE frame=17536 cmd=(+0.160,-0.003,+0.005) yaw=LOCAL_HOLD
[EXPERIMENTAL AUTO] ACTIVE frame=17539 cmd=(+0.147,-0.012,-0.001) yaw=LOCAL_HOLD
[EXPERIMENTAL AUTO] ACTIVE frame=17545 cmd=(+0.116,-0.022,-0.011) yaw=LOCAL_HOLD
[EXPERIMENTAL AUTO] ACTIVE frame=17548 cmd=(+0.083,-0.031,-0.017) yaw=LOCAL_HOLD
[EXPERIMENTAL AUTO] ACTIVE frame=17551 cmd=(+0.053,-0.035,-0.031) yaw=LOCAL_HOLD
[EXPERIMENTAL AUTO] ACTIVE frame=17554 cmd=(+0.019,-0.034,-0.048) yaw=LOCAL_HOLD
[EXPERIMENTAL AUTO] ACTIVE frame=17557 cmd=(-0.014,-0.046,-0.047) yaw=LOCAL_HOLD
[EXPERIMENTAL AUTO] ACTIVE frame=17560 cmd=(-0.045,-0.064,-0.036) yaw=LOCAL_HOLD
[EXPERIMENTAL AUTO] ACTIVE frame=17566 cmd=(-0.045,-0.070,-0.027) yaw=LOCAL_HOLD
[EXPERIMENTAL AUTO SAFETY STOP] armed command confirmation stale; process restart required
